 IrrlichtWd

 Timestamp is 48ffe5fb (Wed Oct 22 22:48:27 2008)

 Preferred load address is 10000000

 Start         Length     Name                   Class
 0001:00000000 00064f0dH .textbss                DATA
 0002:00000000 000c8ba7H .text                   CODE
 0002:000c8bb0 00002360H .text$x                 CODE
 0002:000caf10 000054a8H .text$yc                CODE
 0002:000d03c0 00001746H .text$yd                CODE
 0003:00000000 00000104H .CRT$XCA                DATA
 0003:00000104 000004fcH .CRT$XCU                DATA
 0003:00000600 00000104H .CRT$XCZ                DATA
 0003:00000704 00000104H .CRT$XIA                DATA
 0003:00000808 00000104H .CRT$XIAA               DATA
 0003:0000090c 00000104H .CRT$XIC                DATA
 0003:00000a10 00000104H .CRT$XIZ                DATA
 0003:00000b20 0001afd5H .rdata                  DATA
 0003:0001baf8 0000017fH .rdata$debug            DATA
 0003:0001bc78 00001356H .rdata$r                DATA
 0003:0001cfd0 00000104H .rtc$IAA                DATA
 0003:0001d0d4 00000178H .rtc$IMZ                DATA
 0003:0001d24c 00000104H .rtc$IZZ                DATA
 0003:0001d350 00000104H .rtc$TAA                DATA
 0003:0001d454 00000178H .rtc$TMZ                DATA
 0003:0001d5cc 00000104H .rtc$TZZ                DATA
 0003:0001d6d0 00001022H .xdata$x                DATA
 0003:0001e700 00006fa4H .edata                  DATA
 0004:00000000 0000936dH .data                   DATA
 0004:00009380 00006100H .bss                    DATA
 0005:00000000 00000050H .idata$2                DATA
 0005:00000050 00000014H .idata$3                DATA
 0005:00000064 00000288H .idata$4                DATA
 0005:000002ec 00000288H .idata$5                DATA
 0005:00000574 00000a45H .idata$6                DATA

  Address         Publics by Value              Rva+Base       Lib:Object

 0000:00000000       ___safe_se_handler_table   00000000     <absolute>
 0000:00000000       ___safe_se_handler_count   00000000     <absolute>
 0000:00000000       __except_list              00000000     <absolute>
 0000:00009876       __ldused                   00009876     <absolute>
 0000:00009876       __fltused                  00009876     <absolute>
 0000:00000000       ___ImageBase               10000000     <linker-defined>
 0001:00000000       __enc$textbss$begin        10001000     <linker-defined>
 0001:00064f0d       __enc$textbss$end          10065f0d     <linker-defined>
 0002:00004780       ??_H@YGXPAXIHP6EPAX0@Z@Z   1006a780 f i animatedmesh.obj
 0002:000047f0       _ShadowVolume_SetMeshToRenderFrom 1006a7f0 f   animatedmesh.obj
 0002:00004860       ?GetNodeFromIntPtr@@YAPAVIAnimatedMeshSceneNode@scene@irr@@PAX@Z 1006a860 f   animatedmesh.obj
 0002:000048a0       _AnimatedMeshSceneNode_AddShadowVolumeSceneNode 1006a8a0 f   animatedmesh.obj
 0002:00004930       _AnimatedMeshSceneNode_GetFrameNr 1006a930 f   animatedmesh.obj
 0002:000049b0       _AnimatedMeshSceneNode_GetMS3DJointNode 1006a9b0 f   animatedmesh.obj
 0002:00004a30       _AnimatedMeshSceneNode_GetJointNode 1006aa30 f   animatedmesh.obj
 0002:00004ab0       _AnimatedMeshSceneNode_GetJointNodeA 1006aab0 f   animatedmesh.obj
 0002:00004b40       _AnimatedMeshSceneNode_SetJointMode 1006ab40 f   animatedmesh.obj
 0002:00004bc0       _AnimatedMeshSceneNode_AnimateJoints 1006abc0 f   animatedmesh.obj
 0002:00004c40       _AnimatedMeshSceneNode_GetXJointNode 1006ac40 f   animatedmesh.obj
 0002:00004cc0       _AnimatedMeshSceneNode_SetAnimationEndCallback 1006acc0 f   animatedmesh.obj
 0002:00004db0       ??0AnimationEnd@@QAE@XZ    1006adb0 f i animatedmesh.obj
 0002:00004ec0       ??0IReferenceCounted@irr@@QAE@XZ 1006aec0 f i animatedmesh.obj
 0002:00004f20       ??1IReferenceCounted@irr@@UAE@XZ 1006af20 f i animatedmesh.obj
 0002:00004f60       ??_GIReferenceCounted@irr@@UAEPAXI@Z 1006af60 f i animatedmesh.obj
 0002:00004f60       ??_EIReferenceCounted@irr@@UAEPAXI@Z 1006af60 f i animatedmesh.obj
 0002:00004fd0       ?OnAnimationEnd@AnimationEnd@@UAEXPAVIAnimatedMeshSceneNode@scene@irr@@@Z 1006afd0 f i animatedmesh.obj
 0002:00005040       ?setCallback@AnimationEnd@@QAEXP6GXPAX@Z@Z 1006b040 f i animatedmesh.obj
 0002:00005090       ??_GAnimationEnd@@UAEPAXI@Z 1006b090 f i animatedmesh.obj
 0002:00005090       ??_EAnimationEnd@@UAEPAXI@Z 1006b090 f i animatedmesh.obj
 0002:00005110       ??0IAnimationEndCallBack@scene@irr@@QAE@XZ 1006b110 f i animatedmesh.obj
 0002:000051c0       ??_DAnimationEnd@@QAEXXZ   1006b1c0 f i animatedmesh.obj
 0002:00005220       ??_GIAnimationEndCallBack@scene@irr@@UAEPAXI@Z 1006b220 f i animatedmesh.obj
 0002:00005220       ??_EIAnimationEndCallBack@scene@irr@@UAEPAXI@Z 1006b220 f i animatedmesh.obj
 0002:000052a0       ??1AnimationEnd@@UAE@XZ    1006b2a0 f i animatedmesh.obj
 0002:00005300       ??1IAnimationEndCallBack@scene@irr@@UAE@XZ 1006b300 f i animatedmesh.obj
 0002:00005340       ??_DIAnimationEndCallBack@scene@irr@@QAEXXZ 1006b340 f i animatedmesh.obj
 0002:000053a0       _AnimatedMeshSceneNode_SetAnimationSpeed 1006b3a0 f   animatedmesh.obj
 0002:00005430       _AnimatedMeshSceneNode_SetCurrentFrame 1006b430 f   animatedmesh.obj
 0002:000054c0       _AnimatedMeshSceneNode_SetFrameLoop 1006b4c0 f   animatedmesh.obj
 0002:00005550       _AnimatedMeshSceneNode_SetLoopMode 1006b550 f   animatedmesh.obj
 0002:000055d0       _AnimatedMeshSceneNode_SetMD2Animation 1006b5d0 f   animatedmesh.obj
 0002:00005650       _AnimatedMeshSceneNode_SetMD2AnimationA 1006b650 f   animatedmesh.obj
 0002:000056d0       _AnimatedMeshSceneNode_GetMesh 1006b6d0 f   animatedmesh.obj
 0002:00005750       ??0?$CMatrix4@M@core@irr@@QAE@W4eConstructor@012@@Z 1006b750 f i animatedmesh.obj
 0002:000057e0       ?makeIdentity@?$CMatrix4@M@core@irr@@QAEXXZ 1006b7e0 f i animatedmesh.obj
 0002:00005870       ??$?0D@?$string@DV?$irrAllocator@D@core@irr@@@core@irr@@QAE@QBD@Z 1006b870 f i animatedmesh.obj
 0002:00005950       ??1?$irrAllocator@D@core@irr@@UAE@XZ 1006b950 f i animatedmesh.obj
 0002:00005990       ?internal_new@?$irrAllocator@D@core@irr@@MAEPAXI@Z 1006b990 f i animatedmesh.obj
 0002:000059f0       ?internal_delete@?$irrAllocator@D@core@irr@@MAEXPAX@Z 1006b9f0 f i animatedmesh.obj
 0002:00005a50       ??0?$irrAllocator@D@core@irr@@QAE@XZ 1006ba50 f i animatedmesh.obj
 0002:00005aa0       ??_E?$irrAllocator@D@core@irr@@UAEPAXI@Z 1006baa0 f i animatedmesh.obj
 0002:00005aa0       ??_G?$irrAllocator@D@core@irr@@UAEPAXI@Z 1006baa0 f i animatedmesh.obj
 0002:00005b10       ??$?4D@?$string@DV?$irrAllocator@D@core@irr@@@core@irr@@QAEAAV012@QBD@Z 1006bb10 f i animatedmesh.obj
 0002:00005ca0       ?allocate@?$irrAllocator@D@core@irr@@QAEPADI@Z 1006bca0 f i animatedmesh.obj
 0002:00005d10       ?deallocate@?$irrAllocator@D@core@irr@@QAEXPAD@Z 1006bd10 f i animatedmesh.obj
 0002:00005d80       ??1?$string@DV?$irrAllocator@D@core@irr@@@core@irr@@QAE@XZ 1006bd80 f i animatedmesh.obj
 0002:00005e30       ?GetCameraFromIntPtr@@YAPAVICameraSceneNode@scene@irr@@PAX@Z 1006be30 f   camera.obj
 0002:00005e70       _Camera_GetAspectRation    1006be70 f   camera.obj
 0002:00005ef0       _Camera_GetFarValue        1006bef0 f   camera.obj
 0002:00005f70       _Camera_GetFOV             1006bf70 f   camera.obj
 0002:00005ff0       _Camera_GetNearValue       1006bff0 f   camera.obj
 0002:00006070       _Camera_GetProjectionMatrix 1006c070 f   camera.obj
 0002:00006110       _Camera_GetTarget          1006c110 f   camera.obj
 0002:000061b0       _Camera_GetUpVector        1006c1b0 f   camera.obj
 0002:00006250       _Camera_GetViewMatrix      1006c250 f   camera.obj
 0002:000062f0       _Camera_GetViewFrustrum    1006c2f0 f   camera.obj
 0002:00006370       _Camera_IsInputReceiverEnabled 1006c370 f   camera.obj
 0002:00006400       _Camera_IsOrthogonal       1006c400 f   camera.obj
 0002:00006490       _Camera_OnEvent            1006c490 f   camera.obj
 0002:00006520       _Camera_SetAspectRatio     1006c520 f   camera.obj
 0002:000065b0       _Camera_SetFarValue        1006c5b0 f   camera.obj
 0002:00006640       _Camera_SetFOV             1006c640 f   camera.obj
 0002:000066d0       _Camera_SetInputReceiverEnabled 1006c6d0 f   camera.obj
 0002:00006750       _Camera_SetIsOrthogonal    1006c750 f   camera.obj
 0002:000067b0       ?setIsOrthogonal@ICameraSceneNode@scene@irr@@QAEX_N@Z 1006c7b0 f i camera.obj
 0002:00006800       _Camera_SetNearValue       1006c800 f   camera.obj
 0002:00006890       _Camera_SetProjectionMatrix 1006c890 f   camera.obj
 0002:00006930       _Camera_SetTarget          1006c930 f   camera.obj
 0002:000069e0       _Camera_SetUpVector        1006c9e0 f   camera.obj
 0002:00006a90       _VF_GetBoundingBox         1006ca90 f   camera.obj
 0002:00006b00       ??0?$aabbox3d@M@core@irr@@QAE@ABV012@@Z 1006cb00 f i camera.obj
 0002:00006b70       ?getBoundingBox@SViewFrustum@scene@irr@@QBEABV?$aabbox3d@M@core@3@XZ 1006cb70 f i camera.obj
 0002:00006bb0       _VF_GetFarLeftUp           1006cbb0 f   camera.obj
 0002:00006c10       ?getFarLeftUp@SViewFrustum@scene@irr@@QBE?AV?$vector3d@M@core@3@XZ 1006cc10 f i camera.obj
 0002:00006cd0       _VF_GetFarLeftDown         1006ccd0 f   camera.obj
 0002:00006d30       ?getFarLeftDown@SViewFrustum@scene@irr@@QBE?AV?$vector3d@M@core@3@XZ 1006cd30 f i camera.obj
 0002:00006df0       _VF_GetFarRightDown        1006cdf0 f   camera.obj
 0002:00006e50       ?getFarRightDown@SViewFrustum@scene@irr@@QBE?AV?$vector3d@M@core@3@XZ 1006ce50 f i camera.obj
 0002:00006f10       _VF_GetFarRightUp          1006cf10 f   camera.obj
 0002:00006f70       ?getFarRightUp@SViewFrustum@scene@irr@@QBE?AV?$vector3d@M@core@3@XZ 1006cf70 f i camera.obj
 0002:00007030       _VF_RecalculateBoundingBox 1006d030 f   camera.obj
 0002:00007080       ?recalculateBoundingBox@SViewFrustum@scene@irr@@QAEXXZ 1006d080 f i camera.obj
 0002:00007160       _VF_Transform              1006d160 f   camera.obj
 0002:000071d0       ?transform@SViewFrustum@scene@irr@@QAEXABV?$CMatrix4@M@core@3@@Z 1006d1d0 f i camera.obj
 0002:00007270       _CameraFPS_SetRotateSpeed  1006d270 f   camera.obj
 0002:000072e0       _CameraFPS_SetMoveSpeed    1006d2e0 f   camera.obj
 0002:00007350       _CameraFPS_GetRotateSpeed  1006d350 f   camera.obj
 0002:000073b0       _CameraFPS_GetMoveSpeed    1006d3b0 f   camera.obj
 0002:00007410       ??0?$vector3d@M@core@irr@@QAE@XZ 1006d410 f i camera.obj
 0002:00007470       ??0?$vector3d@M@core@irr@@QAE@MMM@Z 1006d470 f i camera.obj
 0002:000074d0       ??0?$vector3d@M@core@irr@@QAE@ABV012@@Z 1006d4d0 f i camera.obj
 0002:00007540       ?addInternalPoint@?$aabbox3d@M@core@irr@@QAEXABV?$vector3d@M@23@@Z 1006d540 f i camera.obj
 0002:000075c0       ?reset@?$aabbox3d@M@core@irr@@QAEXABV?$vector3d@M@23@@Z 1006d5c0 f i camera.obj
 0002:00007630       ??4?$vector3d@M@core@irr@@QAEAAV012@ABV012@@Z 1006d630 f i camera.obj
 0002:000076a0       ?getIntersectionWithPlanes@?$plane3d@M@core@irr@@QBE_NABV123@0AAV?$vector3d@M@23@@Z 1006d6a0 f i camera.obj
 0002:000077a0       ?addInternalPoint@?$aabbox3d@M@core@irr@@QAEXMMM@Z 1006d7a0 f i camera.obj
 0002:000078a0       ?getIntersectionWithLine@?$plane3d@M@core@irr@@QBE_NABV?$vector3d@M@23@0AAV423@@Z 1006d8a0 f i camera.obj
 0002:00007970       ??H?$vector3d@M@core@irr@@QBE?AV012@ABV012@@Z 1006d970 f i camera.obj
 0002:00007a30       ??D?$vector3d@M@core@irr@@QBE?AV012@M@Z 1006da30 f i camera.obj
 0002:00007af0       ?dotProduct@?$vector3d@M@core@irr@@QBEMABV123@@Z 1006daf0 f i camera.obj
 0002:00007b70       ?getIntersectionWithPlane@?$plane3d@M@core@irr@@QBE_NABV123@AAV?$vector3d@M@23@1@Z 1006db70 f i camera.obj
 0002:00007d20       ?crossProduct@?$vector3d@M@core@irr@@QBE?AV123@ABV123@@Z 1006dd20 f i camera.obj
 0002:00007e10       ?getLength@?$vector3d@M@core@irr@@QBEMXZ 1006de10 f i camera.obj
 0002:00007eb0       ??0?$CMatrix4@M@core@irr@@QAE@ABV012@W4eConstructor@012@@Z 1006deb0 f i camera.obj
 0002:00008010       ??4?$CMatrix4@M@core@irr@@QAEAAV012@ABV012@@Z 1006e010 f i camera.obj
 0002:00008090       ?transformVect@?$CMatrix4@M@core@irr@@QBEXAAV?$vector3d@M@23@@Z 1006e090 f i camera.obj
 0002:000081e0       ?transformPlane@?$CMatrix4@M@core@irr@@QBEXAAV?$plane3d@M@23@@Z 1006e1e0 f i camera.obj
 0002:00008310       ??Z?$vector3d@M@core@irr@@QAEAAV012@ABV012@@Z 1006e310 f i camera.obj
 0002:00008390       ?getMemberPoint@?$plane3d@M@core@irr@@QBE?AV?$vector3d@M@23@XZ 1006e390 f i camera.obj
 0002:00008400       ?transformVect@?$CMatrix4@M@core@irr@@QBEXAAV?$vector3d@M@23@ABV423@@Z 1006e400 f i camera.obj
 0002:00008500       ?getInverse@?$CMatrix4@M@core@irr@@QBE_NAAV123@@Z 1006e500 f i camera.obj
 0002:0000a380       ?iszero@core@irr@@YA_NMM@Z 10070380 f i camera.obj
 0002:0000a410       _fabsf                     10070410 f i camera.obj
 0002:0000a480       ?reciprocal@core@irr@@YAMM@Z 10070480 f i camera.obj
 0002:0000a4d0       ??R?$CMatrix4@M@core@irr@@QAEAAMHH@Z 100704d0 f i camera.obj
 0002:0000a530       ??R?$CMatrix4@M@core@irr@@QBEABMHH@Z 10070530 f i camera.obj
 0002:0000a580       ?isIdentity@?$CMatrix4@M@core@irr@@QBE_NXZ 10070580 f i camera.obj
 0002:0000a750       ?equals@core@irr@@YA_NMMM@Z 10070750 f i camera.obj
 0002:0000a7d0       ?getTransposed@?$CMatrix4@M@core@irr@@QBEXAAV123@@Z 100707d0 f i camera.obj
 0002:0000a990       ??A?$CMatrix4@M@core@irr@@QAEAAMI@Z 10070990 f i camera.obj
 0002:0000a9e0       ?getTransposed@?$CMatrix4@M@core@irr@@QBE?AV123@XZ 100709e0 f i camera.obj
 0002:0000aa90       ??0CGUITTGlyph@gui@irr@@QAE@XZ 10070a90 f   CGUITTFont.obj
 0002:0000ab20       ??_ECGUITTGlyph@gui@irr@@UAEPAXI@Z 10070b20 f i CGUITTFont.obj
 0002:0000ab20       ??_GCGUITTGlyph@gui@irr@@UAEPAXI@Z 10070b20 f i CGUITTFont.obj
 0002:0000ab90       ??1CGUITTGlyph@gui@irr@@UAE@XZ 10070b90 f   CGUITTFont.obj
 0002:0000acd0       ?init@CGUITTGlyph@gui@irr@@QAEXXZ 10070cd0 f   CGUITTFont.obj
 0002:0000ad50       ?setDebugName@IReferenceCounted@irr@@IAEXPBD@Z 10070d50 f i CGUITTFont.obj
 0002:0000ada0       ?cache@CGUITTGlyph@gui@irr@@QAEXI@Z 10070da0 f   CGUITTFont.obj
 0002:0000bb90       ??0SColor@video@irr@@QAE@IIII@Z 10071b90 f i CGUITTFont.obj
 0002:0000bc10       ?drop@IReferenceCounted@irr@@QBE_NXZ 10071c10 f i CGUITTFont.obj
 0002:0000bcf0       ??0CGUITTFont@gui@irr@@QAE@PAVIVideoDriver@video@2@@Z 10071cf0 f   CGUITTFont.obj
 0002:0000bea0       ?grab@IReferenceCounted@irr@@QBEXXZ 10071ea0 f i CGUITTFont.obj
 0002:0000bef0       ??1IGUIFont@gui@irr@@UAE@XZ 10071ef0 f i CGUITTFont.obj
 0002:0000bf50       ?getType@IGUIFont@gui@irr@@UBE?AW4EGUI_FONT_TYPE@23@XZ 10071f50 f i CGUITTFont.obj
 0002:0000bf90       ??_GIGUIFont@gui@irr@@UAEPAXI@Z 10071f90 f i CGUITTFont.obj
 0002:0000bf90       ??_EIGUIFont@gui@irr@@UAEPAXI@Z 10071f90 f i CGUITTFont.obj
 0002:0000c010       ??_DIGUIFont@gui@irr@@QAEXXZ 10072010 f i CGUITTFont.obj
 0002:0000c070       ??_GCGUITTFont@gui@irr@@UAEPAXI@Z 10072070 f i CGUITTFont.obj
 0002:0000c070       ??_ECGUITTFont@gui@irr@@UAEPAXI@Z 10072070 f i CGUITTFont.obj
 0002:0000c0f0       ??0IGUIFont@gui@irr@@QAE@XZ 100720f0 f i CGUITTFont.obj
 0002:0000c1a0       ??_DCGUITTFont@gui@irr@@QAEXXZ 100721a0 f i CGUITTFont.obj
 0002:0000c200       ??1CGUITTFont@gui@irr@@UAE@XZ 10072200 f   CGUITTFont.obj
 0002:0000c330       ??0CGUITTFace@gui@irr@@QAE@XZ 10072330 f   CGUITTFont.obj
 0002:0000c3f0       ??_ECGUITTFace@gui@irr@@UAEPAXI@Z 100723f0 f i CGUITTFont.obj
 0002:0000c3f0       ??_GCGUITTFace@gui@irr@@UAEPAXI@Z 100723f0 f i CGUITTFont.obj
 0002:0000c460       ??1CGUITTFace@gui@irr@@UAE@XZ 10072460 f   CGUITTFont.obj
 0002:0000c4f0       ?load@CGUITTFace@gui@irr@@QAE_NPBD@Z 100724f0 f   CGUITTFont.obj
 0002:0000c590       ?attach@CGUITTFont@gui@irr@@QAE_NPAVCGUITTFace@23@I@Z 10072590 f   CGUITTFont.obj
 0002:0000c820       ?getGlyphByChar@CGUITTFont@gui@irr@@AAEI_W@Z 10072820 f   CGUITTFont.obj
 0002:0000c8e0       ?getDimension@CGUITTFont@gui@irr@@UBE?AV?$dimension2d@H@core@3@PB_W@Z 100728e0 f   CGUITTFont.obj
 0002:0000ca00       ?getWidthFromCharacter@CGUITTFont@gui@irr@@ABEH_W@Z 10072a00 f i CGUITTFont.obj
 0002:0000cb00       ?draw@CGUITTFont@gui@irr@@UAEXPB_WABV?$rect@H@core@3@VSColor@video@3@_N3PBV453@@Z 10072b00 f   CGUITTFont.obj
 0002:0000d330       ??0SColor@video@irr@@QAE@XZ 10073330 f i CGUITTFont.obj
 0002:0000d370       ?getAlpha@SColor@video@irr@@QBEIXZ 10073370 f i CGUITTFont.obj
 0002:0000d3b0       ?getRed@SColor@video@irr@@QBEIXZ 100733b0 f i CGUITTFont.obj
 0002:0000d400       ?getGreen@SColor@video@irr@@QBEIXZ 10073400 f i CGUITTFont.obj
 0002:0000d450       ?getBlue@SColor@video@irr@@QBEIXZ 10073450 f i CGUITTFont.obj
 0002:0000d4a0       ?getCharacterFromPos@CGUITTFont@gui@irr@@UBEHPB_WH@Z 100734a0 f   CGUITTFont.obj
 0002:0000d550       ?setKerningWidth@CGUITTFont@gui@irr@@UAEXH@Z 10073550 f   CGUITTFont.obj
 0002:0000d5a0       ?getKerningWidth@CGUITTFont@gui@irr@@UBEHPB_W0@Z 100735a0 f   CGUITTFont.obj
 0002:0000d5e0       ?setKerningHeight@CGUITTFont@gui@irr@@UAEXH@Z 100735e0 f   CGUITTFont.obj
 0002:0000d630       ?getKerningHeight@CGUITTFont@gui@irr@@UBEHXZ 10073630 f   CGUITTFont.obj
 0002:0000d670       ?createBillboard@CGUITTFont@gui@irr@@QAEPAVISceneNode@scene@3@PB_WV?$dimension2d@M@core@3@PAVISceneManager@53@PAV453@H@Z 10073670 f   CGUITTFont.obj
 0002:0000dba0       ??0SColor@video@irr@@QAE@I@Z 10073ba0 f i CGUITTFont.obj
 0002:0000dbf0       ?setMaterialTexture@ISceneNode@scene@irr@@QAEXIPAVITexture@video@3@@Z 10073bf0 f i CGUITTFont.obj
 0002:0000dcb0       ?setTexture@SMaterial@video@irr@@QAEXIPAVITexture@23@@Z 10073cb0 f i CGUITTFont.obj
 0002:0000dd10       ?setMaterialType@ISceneNode@scene@irr@@QAEXW4E_MATERIAL_TYPE@video@3@@Z 10073d10 f i CGUITTFont.obj
 0002:0000ddc0       ??0?$dimension2d@M@core@irr@@QAE@ABM0@Z 10073dc0 f i CGUITTFont.obj
 0002:0000de20       ??0?$dimension2d@H@core@irr@@QAE@XZ 10073e20 f i CGUITTFont.obj
 0002:0000de70       ??0?$dimension2d@H@core@irr@@QAE@ABH0@Z 10073e70 f i CGUITTFont.obj
 0002:0000ded0       ??0?$rect@H@core@irr@@QAE@HHHH@Z 10073ed0 f i CGUITTFont.obj
 0002:0000df50       ?isPointInside@?$rect@H@core@irr@@QBE_NABV?$position2d@H@23@@Z 10073f50 f i CGUITTFont.obj
 0002:0000dff0       ?getWidth@?$rect@H@core@irr@@QBEHXZ 10073ff0 f i CGUITTFont.obj
 0002:0000e040       ?getHeight@?$rect@H@core@irr@@QBEHXZ 10074040 f i CGUITTFont.obj
 0002:0000e090       ??0?$position2d@H@core@irr@@QAE@HH@Z 10074090 f i CGUITTFont.obj
 0002:0000e0e0       ??0?$position2d@H@core@irr@@QAE@ABV012@@Z 100740e0 f i CGUITTFont.obj
 0002:0000e140       ??0?$array@VCGUITTGlyph@gui@irr@@V?$irrAllocator@VCGUITTGlyph@gui@irr@@@core@3@@core@irr@@QAE@XZ 10074140 f i CGUITTFont.obj
 0002:0000e1d0       ??1?$array@VCGUITTGlyph@gui@irr@@V?$irrAllocator@VCGUITTGlyph@gui@irr@@@core@3@@core@irr@@QAE@XZ 100741d0 f i CGUITTFont.obj
 0002:0000e2d0       ?reallocate@?$array@VCGUITTGlyph@gui@irr@@V?$irrAllocator@VCGUITTGlyph@gui@irr@@@core@3@@core@irr@@QAEXI@Z 100742d0 f i CGUITTFont.obj
 0002:0000e440       ?set_used@?$array@VCGUITTGlyph@gui@irr@@V?$irrAllocator@VCGUITTGlyph@gui@irr@@@core@3@@core@irr@@QAEXI@Z 10074440 f i CGUITTFont.obj
 0002:0000e4b0       ??A?$array@VCGUITTGlyph@gui@irr@@V?$irrAllocator@VCGUITTGlyph@gui@irr@@@core@3@@core@irr@@QAEAAVCGUITTGlyph@gui@2@I@Z 100744b0 f i CGUITTFont.obj
 0002:0000e520       ??A?$array@VCGUITTGlyph@gui@irr@@V?$irrAllocator@VCGUITTGlyph@gui@irr@@@core@3@@core@irr@@QBEABVCGUITTGlyph@gui@2@I@Z 10074520 f i CGUITTFont.obj
 0002:0000e590       ??1?$irrAllocator@VCGUITTGlyph@gui@irr@@@core@irr@@UAE@XZ 10074590 f i CGUITTFont.obj
 0002:0000e5d0       ?internal_new@?$irrAllocator@VCGUITTGlyph@gui@irr@@@core@irr@@MAEPAXI@Z 100745d0 f i CGUITTFont.obj
 0002:0000e630       ?internal_delete@?$irrAllocator@VCGUITTGlyph@gui@irr@@@core@irr@@MAEXPAX@Z 10074630 f i CGUITTFont.obj
 0002:0000e690       ??0?$irrAllocator@VCGUITTGlyph@gui@irr@@@core@irr@@QAE@XZ 10074690 f i CGUITTFont.obj
 0002:0000e6e0       ??_E?$irrAllocator@VCGUITTGlyph@gui@irr@@@core@irr@@UAEPAXI@Z 100746e0 f i CGUITTFont.obj
 0002:0000e6e0       ??_G?$irrAllocator@VCGUITTGlyph@gui@irr@@@core@irr@@UAEPAXI@Z 100746e0 f i CGUITTFont.obj
 0002:0000e750       ?allocate@?$irrAllocator@VCGUITTGlyph@gui@irr@@@core@irr@@QAEPAVCGUITTGlyph@gui@3@I@Z 10074750 f i CGUITTFont.obj
 0002:0000e7c0       ?deallocate@?$irrAllocator@VCGUITTGlyph@gui@irr@@@core@irr@@QAEXPAVCGUITTGlyph@gui@3@@Z 100747c0 f i CGUITTFont.obj
 0002:0000e830       ?construct@?$irrAllocator@VCGUITTGlyph@gui@irr@@@core@irr@@QAEXPAVCGUITTGlyph@gui@3@ABV453@@Z 10074830 f i CGUITTFont.obj
 0002:0000e8d0       ??2@YAPAXIPAX@Z            100748d0 f i CGUITTFont.obj
 0002:0000e910       ?destruct@?$irrAllocator@VCGUITTGlyph@gui@irr@@@core@irr@@QAEXPAVCGUITTGlyph@gui@3@@Z 10074910 f i CGUITTFont.obj
 0002:0000e980       ??0CGUITTGlyph@gui@irr@@QAE@ABV012@@Z 10074980 f i CGUITTFont.obj
 0002:0000eb20       ??0IReferenceCounted@irr@@QAE@ABV01@@Z 10074b20 f i CGUITTFont.obj
 0002:0000eb90       _freeUMMemory              10074b90 f   conversion.obj
 0002:0000ec20       _Pointer_SafeRelease       10074c20 f   conversion.obj
 0002:0000ec80       ?fixmarshal@@YA_N_N@Z      10074c80 f   conversion.obj
 0002:0000ecd0       ?IM_STRING@@YAPADV?$string@_WV?$irrAllocator@_W@core@irr@@@core@irr@@@Z 10074cd0 f   conversion.obj
 0002:0000ed90       ?MU_WCHAR@@YAPA_WPBD@Z     10074d90 f   conversion.obj
 0002:0000ef90       ?UM_STRING@@YAPADPB_W@Z    10074f90 f   conversion.obj
 0002:0000f180       ?UM_STRING@@YAPADPBD@Z     10075180 f   conversion.obj
 0002:0000f1c0       ?UM_DIM2DS@@YAXV?$dimension2d@H@core@irr@@PAH@Z 100751c0 f   conversion.obj
 0002:0000f210       ?UM_DIM2US@@YAXV?$dimension2d@I@core@irr@@PAH@Z 10075210 f   conversion.obj
 0002:0000f260       ?UM_DIM2DF@@YAXV?$dimension2d@M@core@irr@@PAM@Z 10075260 f   conversion.obj
 0002:0000f2b0       ?UM_POS2DS@@YAXV?$position2d@H@core@irr@@PAH@Z 100752b0 f   conversion.obj
 0002:0000f300       ?UM_POS2DF@@YAXV?$position2d@M@core@irr@@PAM@Z 10075300 f   conversion.obj
 0002:0000f350       ?UM_SCOLOR@@YAXVSColor@video@irr@@PAH@Z 10075350 f   conversion.obj
 0002:0000f3e0       ?UM_SCOLORF@@YAXVSColorf@video@irr@@PAM@Z 100753e0 f   conversion.obj
 0002:0000f440       ?UM_VECT3DF@@YAXV?$vector3d@M@core@irr@@PAM@Z 10075440 f   conversion.obj
 0002:0000f490       ?MU_MAT4@@YA?AV?$CMatrix4@M@core@irr@@PAM@Z 10075490 f   conversion.obj
 0002:0000f5a0       ?UM_MAT4@@YAXV?$CMatrix4@M@core@irr@@PAM@Z 100755a0 f   conversion.obj
 0002:0000f650       ?UM_BOX3D@@YAXV?$aabbox3d@M@core@irr@@PAM@Z 10075650 f   conversion.obj
 0002:0000f6c0       ?UM_RECT@@YAXV?$rect@H@core@irr@@PAH@Z 100756c0 f   conversion.obj
 0002:0000f720       ?MU_TRIANGLE3DF@@YA?AV?$triangle3d@M@core@irr@@PAM@Z 10075720 f   conversion.obj
 0002:0000f860       ??0?$triangle3d@M@core@irr@@QAE@ABV012@@Z 10075860 f i conversion.obj
 0002:0000f8f0       ?UM_TRIANGLE3DF@@YAXV?$triangle3d@M@core@irr@@PAM@Z 100758f0 f   conversion.obj
 0002:0000f990       ?UM_LINE3D@@YAXV?$line3d@M@core@irr@@PAM@Z 10075990 f   conversion.obj
 0002:0000fa00       ??1?$string@_WV?$irrAllocator@_W@core@irr@@@core@irr@@QAE@XZ 10075a00 f i conversion.obj
 0002:0000fab0       ?c_str@?$string@_WV?$irrAllocator@_W@core@irr@@@core@irr@@QBEPB_WXZ 10075ab0 f i conversion.obj
 0002:0000faf0       ??1?$irrAllocator@_W@core@irr@@UAE@XZ 10075af0 f i conversion.obj
 0002:0000fb30       ?internal_new@?$irrAllocator@_W@core@irr@@MAEPAXI@Z 10075b30 f i conversion.obj
 0002:0000fb90       ?internal_delete@?$irrAllocator@_W@core@irr@@MAEXPAX@Z 10075b90 f i conversion.obj
 0002:0000fbf0       ??0?$triangle3d@M@core@irr@@QAE@XZ 10075bf0 f i conversion.obj
 0002:0000fc60       ?set@?$triangle3d@M@core@irr@@QAEXABV?$vector3d@M@23@00@Z 10075c60 f i conversion.obj
 0002:0000fce0       ??_E?$irrAllocator@_W@core@irr@@UAEPAXI@Z 10075ce0 f i conversion.obj
 0002:0000fce0       ??_G?$irrAllocator@_W@core@irr@@UAEPAXI@Z 10075ce0 f i conversion.obj
 0002:0000fd50       ?deallocate@?$irrAllocator@_W@core@irr@@QAEXPA_W@Z 10075d50 f i conversion.obj
 0002:0000fdc0       ?getFace@@YAPAVCGUITTFace@gui@irr@@PAX@Z 10075dc0 f   customfont.obj
 0002:0000fe00       ?getFont@@YAPAVCGUITTFont@gui@irr@@PAX@Z 10075e00 f   customfont.obj
 0002:0000fe40       _TTFont_Create             10075e40 f   customfont.obj
 0002:0000fee0       _TTFont_Attach             10075ee0 f   customfont.obj
 0002:0000ff50       _TTFont_SetTransparency    10075f50 f   customfont.obj
 0002:0000ffb0       _TTFont_SetAntialias       10075fb0 f   customfont.obj
 0002:00010010       _TTFace_Create             10076010 f   customfont.obj
 0002:000100b0       _TTFace_Load               100760b0 f   customfont.obj
 0002:00010120       _CGE_PVOID_METHODS         10076120 f   customgui.obj
 0002:00010190       ?CGE_PVOID_METHODS@CustomGuiElement@@QAEXW4_CGE_VOID_METHOD@@PAXHIPAH@Z 10076190 f i customgui.obj
 0002:000103c0       ?setNotClipped@IGUIElement@gui@irr@@QAEX_N@Z 100763c0 f i customgui.obj
 0002:00010410       ?setMaxSize@IGUIElement@gui@irr@@QAEXV?$dimension2d@H@core@3@@Z 10076410 f i customgui.obj
 0002:00010490       ?setMinSize@IGUIElement@gui@irr@@QAEXV?$dimension2d@H@core@3@@Z 10076490 f i customgui.obj
 0002:00010550       ?updateAbsolutePosition@IGUIElement@gui@irr@@UAEXXZ 10076550 f i customgui.obj
 0002:00010bf0       ?addChild@IGUIElement@gui@irr@@UAEXPAV123@@Z 10076bf0 f i customgui.obj
 0002:00010cc0       ?getAbsolutePosition@IGUIElement@gui@irr@@QBE?AV?$rect@H@core@3@XZ 10076cc0 f i customgui.obj
 0002:00010d20       ?removeChild@IGUIElement@gui@irr@@UAEXPAV123@@Z 10076d20 f i customgui.obj
 0002:00010e70       ?remove@IGUIElement@gui@irr@@UAEXXZ 10076e70 f i customgui.obj
 0002:00010ef0       ?draw@IGUIElement@gui@irr@@UAEXXZ 10076ef0 f i customgui.obj
 0002:00011010       ?OnPostRender@IGUIElement@gui@irr@@UAEXI@Z 10077010 f i customgui.obj
 0002:00011130       ?move@IGUIElement@gui@irr@@UAEXV?$position2d@H@core@3@@Z 10077130 f i customgui.obj
 0002:000111a0       ?setRelativePosition@IGUIElement@gui@irr@@QAEXABV?$rect@H@core@3@@Z 100771a0 f i customgui.obj
 0002:00011370       ?setVisible@IGUIElement@gui@irr@@UAEX_N@Z 10077370 f i customgui.obj
 0002:000113c0       ?setEnabled@IGUIElement@gui@irr@@UAEX_N@Z 100773c0 f i customgui.obj
 0002:00011410       ?setID@IGUIElement@gui@irr@@UAEXH@Z 10077410 f i customgui.obj
 0002:00011460       ??0?$rect@H@core@irr@@QAE@ABV012@@Z 10077460 f i customgui.obj
 0002:000114d0       ??4?$rect@H@core@irr@@QAEAAV012@ABV012@@Z 100774d0 f i customgui.obj
 0002:00011540       _CGE_PINT_METHODS          10077540 f   customgui.obj
 0002:000115b0       ?CGE_PINT_METHODS@CustomGuiElement@@QAEHW4_CGE_INT_METHOD@@PAXHIPAH@Z 100775b0 f i customgui.obj
 0002:000116a0       ?isNotClipped@IGUIElement@gui@irr@@QBE_NXZ 100776a0 f i customgui.obj
 0002:000116e0       ?isVisible@IGUIElement@gui@irr@@UBE_NXZ 100776e0 f i customgui.obj
 0002:00011720       ?isEnabled@IGUIElement@gui@irr@@UBE_NXZ 10077720 f i customgui.obj
 0002:00011760       ?getID@IGUIElement@gui@irr@@UBEHXZ 10077760 f i customgui.obj
 0002:000117a0       ?OnEvent@IGUIElement@gui@irr@@UAE_NABUSEvent@3@@Z 100777a0 f i customgui.obj
 0002:00011840       ?getType@IGUIElement@gui@irr@@QBE?AW4EGUI_ELEMENT_TYPE@23@XZ 10077840 f i customgui.obj
 0002:00011880       _CGE_PINTPTR_METHODS       10077880 f   customgui.obj
 0002:000118e0       ?CGE_PINTPTR_METHODS@CustomGuiElement@@QAEPAXW4_CGE_INTPTR_METHOD@@PAXH@Z 100778e0 f i customgui.obj
 0002:00011980       ?getParent@IGUIElement@gui@irr@@QBEPAV123@XZ 10077980 f i customgui.obj
 0002:000119c0       ?getText@IGUIElement@gui@irr@@UBEPB_WXZ 100779c0 f i customgui.obj
 0002:00011a20       _CGE_CREATE                10077a20 f   customgui.obj
 0002:00011af0       ??0CustomGuiElement@@QAE@PAVIGUIEnvironment@gui@irr@@PAVIGUIElement@23@HPAHP6GXW4_CGE_VOID_METHOD@@PAXHI2@ZP6GHW4_CGE_INT_METHOD@@4HI2@ZP6GPAXW4_CGE_INTPTR_METHOD@@4H@Z@Z 10077af0 f i customgui.obj
 0002:00011cf0       ??1IAttributeExchangingObject@io@irr@@UAE@XZ 10077cf0 f i customgui.obj
 0002:00011d30       ??0IAttributeExchangingObject@io@irr@@QAE@XZ 10077d30 f i customgui.obj
 0002:00011de0       ?serializeAttributes@IAttributeExchangingObject@io@irr@@UBEXPAVIAttributes@23@PAUSAttributeReadWriteOptions@23@@Z 10077de0 f i customgui.obj
 0002:00011e20       ?deserializeAttributes@IAttributeExchangingObject@io@irr@@UAEXPAVIAttributes@23@PAUSAttributeReadWriteOptions@23@@Z 10077e20 f i customgui.obj
 0002:00011e60       ??_EIAttributeExchangingObject@io@irr@@UAEPAXI@Z 10077e60 f i customgui.obj
 0002:00011e60       ??_GIAttributeExchangingObject@io@irr@@UAEPAXI@Z 10077e60 f i customgui.obj
 0002:00011ee0       ??_DIAttributeExchangingObject@io@irr@@QAEXXZ 10077ee0 f i customgui.obj
 0002:00011f40       ??0IGUIElement@gui@irr@@QAE@W4EGUI_ELEMENT_TYPE@12@PAVIGUIEnvironment@12@PAV012@HV?$rect@H@core@2@@Z 10077f40 f i customgui.obj
 0002:00012380       ??1IEventReceiver@irr@@UAE@XZ 10078380 f i customgui.obj
 0002:000123c0       ??_EIEventReceiver@irr@@UAEPAXI@Z 100783c0 f i customgui.obj
 0002:000123c0       ??_GIEventReceiver@irr@@UAEPAXI@Z 100783c0 f i customgui.obj
 0002:00012430       ??0IEventReceiver@irr@@QAE@XZ 10078430 f i customgui.obj
 0002:00012480       ?isPointInside@IGUIElement@gui@irr@@UBE_NABV?$position2d@H@core@3@@Z 10078480 f i customgui.obj
 0002:000124e0       ?isSubElement@IGUIElement@gui@irr@@UBE_NXZ 100784e0 f i customgui.obj
 0002:00012520       ?setSubElement@IGUIElement@gui@irr@@UAEX_N@Z 10078520 f i customgui.obj
 0002:00012570       ?setText@IGUIElement@gui@irr@@UAEXPB_W@Z 10078570 f i customgui.obj
 0002:000125d0       ?setToolTipText@IGUIElement@gui@irr@@UAEXPB_W@Z 100785d0 f i customgui.obj
 0002:00012630       ?getToolTipText@IGUIElement@gui@irr@@UBEABV?$string@_WV?$irrAllocator@_W@core@irr@@@core@3@XZ 10078630 f i customgui.obj
 0002:00012670       ?bringToFront@IGUIElement@gui@irr@@UAE_NPAV123@@Z 10078670 f i customgui.obj
 0002:00012790       ?getChildren@IGUIElement@gui@irr@@UBEABV?$list@PAVIGUIElement@gui@irr@@@core@3@XZ 10078790 f i customgui.obj
 0002:000127d0       ?getElementFromId@IGUIElement@gui@irr@@UBEPAV123@H_N@Z 100787d0 f i customgui.obj
 0002:00012960       ?getTypeName@IGUIElement@gui@irr@@UBEPBDXZ 10078960 f i customgui.obj
 0002:000129b0       ??_GIGUIElement@gui@irr@@UAEPAXI@Z 100789b0 f i customgui.obj
 0002:000129b0       ??_EIGUIElement@gui@irr@@UAEPAXI@Z 100789b0 f i customgui.obj
 0002:00012a20       ??_DIGUIElement@gui@irr@@QAEXXZ 10078a20 f i customgui.obj
 0002:00012aa0       ??1IGUIElement@gui@irr@@UAE@XZ 10078aa0 f i customgui.obj
 0002:00012cb0       ?draw@CustomGuiElement@@UAEXXZ 10078cb0 f i customgui.obj
 0002:00012d20       ?addChild@CustomGuiElement@@UAEXPAVIGUIElement@gui@irr@@@Z 10078d20 f i customgui.obj
 0002:00012d90       ?OnPostRender@CustomGuiElement@@UAEXI@Z 10078d90 f i customgui.obj
 0002:00012e00       ?move@CustomGuiElement@@UAEXV?$position2d@H@core@irr@@@Z 10078e00 f i customgui.obj
 0002:00012eb0       ?remove@CustomGuiElement@@UAEXXZ 10078eb0 f i customgui.obj
 0002:00012f20       ?removeChild@CustomGuiElement@@UAEXPAVIGUIElement@gui@irr@@@Z 10078f20 f i customgui.obj
 0002:00012f90       ?setAlignment@CustomGuiElement@@UAEXW4EGUI_ALIGNMENT@gui@irr@@000@Z 10078f90 f i customgui.obj
 0002:00013050       ?setEnabled@CustomGuiElement@@UAEX_N@Z 10079050 f i customgui.obj
 0002:000130c0       ?isEnabled@CustomGuiElement@@UBE_NXZ 100790c0 f i customgui.obj
 0002:00013130       ?setID@CustomGuiElement@@UAEXH@Z 10079130 f i customgui.obj
 0002:000131a0       ?getID@CustomGuiElement@@UBEHXZ 100791a0 f i customgui.obj
 0002:00013210       ?setMaxSize@CustomGuiElement@@UAEXV?$dimension2d@H@core@irr@@@Z 10079210 f i customgui.obj
 0002:000132c0       ?setMinSize@CustomGuiElement@@UAEXV?$dimension2d@H@core@irr@@@Z 100792c0 f i customgui.obj
 0002:00013370       ?setNotClipped@CustomGuiElement@@UAEX_N@Z 10079370 f i customgui.obj
 0002:000133e0       ?OnEvent@CustomGuiElement@@UAE_NABUSEvent@irr@@@Z 100793e0 f i customgui.obj
 0002:00013460       ?isNotClipped@CustomGuiElement@@UBE_NXZ 10079460 f i customgui.obj
 0002:000134d0       ?getType@CustomGuiElement@@UBE?AW4EGUI_ELEMENT_TYPE@gui@irr@@XZ 100794d0 f i customgui.obj
 0002:00013540       ?updateAbsoutePosition@CustomGuiElement@@UAEXXZ 10079540 f i customgui.obj
 0002:000135b0       ?setVisible@CustomGuiElement@@UAEX_N@Z 100795b0 f i customgui.obj
 0002:00013620       ?isVisible@CustomGuiElement@@UBE_NXZ 10079620 f i customgui.obj
 0002:00013690       ?getParent@CustomGuiElement@@UBEPAVIGUIElement@gui@irr@@XZ 10079690 f i customgui.obj
 0002:00013700       ?setText@CustomGuiElement@@UAEXPB_W@Z 10079700 f i customgui.obj
 0002:00013780       ?getText@CustomGuiElement@@UBEPB_WXZ 10079780 f i customgui.obj
 0002:000137f0       ??_ECustomGuiElement@@UAEPAXI@Z 100797f0 f i customgui.obj
 0002:000137f0       ??_GCustomGuiElement@@UAEPAXI@Z 100797f0 f i customgui.obj
 0002:00013860       ??_DCustomGuiElement@@QAEXXZ 10079860 f i customgui.obj
 0002:000138e0       ??1CustomGuiElement@@UAE@XZ 100798e0 f i customgui.obj
 0002:00013930       ??0?$list@PAVIGUIElement@gui@irr@@@core@irr@@QAE@XZ 10079930 f i customgui.obj
 0002:00013990       ??1?$list@PAVIGUIElement@gui@irr@@@core@irr@@QAE@XZ 10079990 f i customgui.obj
 0002:000139e0       ?push_back@?$list@PAVIGUIElement@gui@irr@@@core@irr@@QAEXABQAVIGUIElement@gui@3@@Z 100799e0 f i customgui.obj
 0002:00013b40       ?begin@?$list@PAVIGUIElement@gui@irr@@@core@irr@@QAE?AVIterator@123@XZ 10079b40 f i customgui.obj
 0002:00013ba0       ?begin@?$list@PAVIGUIElement@gui@irr@@@core@irr@@QBE?AVConstIterator@123@XZ 10079ba0 f i customgui.obj
 0002:00013c00       ?end@?$list@PAVIGUIElement@gui@irr@@@core@irr@@QAE?AVIterator@123@XZ 10079c00 f i customgui.obj
 0002:00013c60       ?end@?$list@PAVIGUIElement@gui@irr@@@core@irr@@QBE?AVConstIterator@123@XZ 10079c60 f i customgui.obj
 0002:00013cc0       ?erase@?$list@PAVIGUIElement@gui@irr@@@core@irr@@QAE?AVIterator@123@AAV4123@@Z 10079cc0 f i customgui.obj
 0002:00013e20       ??0?$rect@H@core@irr@@QAE@XZ 10079e20 f i customgui.obj
 0002:00013e90       ??H?$rect@H@core@irr@@QBE?AV012@ABV?$position2d@H@12@@Z 10079e90 f i customgui.obj
 0002:00013f40       ??Y?$rect@H@core@irr@@QAEAAV012@ABV?$position2d@H@12@@Z 10079f40 f i customgui.obj
 0002:00013fb0       ?clipAgainst@?$rect@H@core@irr@@QAEXABV123@@Z 10079fb0 f i customgui.obj
 0002:000140b0       ?repair@?$rect@H@core@irr@@QAEXXZ 1007a0b0 f i customgui.obj
 0002:00014150       ?getSize@?$rect@H@core@irr@@QBE?AV?$dimension2d@H@23@XZ 1007a150 f i customgui.obj
 0002:000141e0       ??4?$position2d@H@core@irr@@QAEABV012@ABV012@@Z 1007a1e0 f i customgui.obj
 0002:00014240       ??0?$rect@M@core@irr@@QAE@XZ 1007a240 f i customgui.obj
 0002:000142c0       ??0?$string@_WV?$irrAllocator@_W@core@irr@@@core@irr@@QAE@XZ 1007a2c0 f i customgui.obj
 0002:000143b0       ??EIterator@?$list@PAVIGUIElement@gui@irr@@@core@irr@@QAEAAV0123@XZ 1007a3b0 f i customgui.obj
 0002:00014400       ??9Iterator@?$list@PAVIGUIElement@gui@irr@@@core@irr@@QBE_NABV0123@@Z 1007a400 f i customgui.obj
 0002:00014450       ??DIterator@?$list@PAVIGUIElement@gui@irr@@@core@irr@@QAEAAPAVIGUIElement@gui@3@XZ 1007a450 f i customgui.obj
 0002:00014490       ??EConstIterator@?$list@PAVIGUIElement@gui@irr@@@core@irr@@QAEAAV0123@XZ 1007a490 f i customgui.obj
 0002:000144e0       ??9ConstIterator@?$list@PAVIGUIElement@gui@irr@@@core@irr@@QBE_NABV0123@@Z 1007a4e0 f i customgui.obj
 0002:00014530       ??DConstIterator@?$list@PAVIGUIElement@gui@irr@@@core@irr@@QAEABQAVIGUIElement@gui@3@XZ 1007a530 f i customgui.obj
 0002:00014570       ??0?$irrAllocator@_W@core@irr@@QAE@XZ 1007a570 f i customgui.obj
 0002:000145c0       ?clear@?$list@PAVIGUIElement@gui@irr@@@core@irr@@QAEXXZ 1007a5c0 f i customgui.obj
 0002:00014670       ??Y?$position2d@H@core@irr@@QAEABV012@ABV012@@Z 1007a670 f i customgui.obj
 0002:000146e0       ??0?$position2d@M@core@irr@@QAE@MM@Z 1007a6e0 f i customgui.obj
 0002:00014730       ?allocate@?$irrAllocator@_W@core@irr@@QAEPA_WI@Z 1007a730 f i customgui.obj
 0002:000147a0       ??0Iterator@?$list@PAVIGUIElement@gui@irr@@@core@irr@@AAE@PAUSKListNode@123@@Z 1007a7a0 f i customgui.obj
 0002:000147f0       ??0ConstIterator@?$list@PAVIGUIElement@gui@irr@@@core@irr@@AAE@PAUSKListNode@123@@Z 1007a7f0 f i customgui.obj
 0002:00014840       ??0SKListNode@?$list@PAVIGUIElement@gui@irr@@@core@irr@@QAE@XZ 1007a840 f i customgui.obj
 0002:00014890       ??$?4_W@?$string@_WV?$irrAllocator@_W@core@irr@@@core@irr@@QAEAAV012@QB_W@Z 1007a890 f i customgui.obj
 0002:00014a20       ??_EIGUIElement@gui@irr@@WNE@AEPAXI@Z 1007aa20 f i customgui.obj
 0002:00014a30       ??_ECustomGuiElement@@WOA@AEPAXI@Z 1007aa30 f i customgui.obj
 0002:00014a40       ?deserializeAttributes@IGUIElement@gui@irr@@$4PPPPPPPM@A@AEXPAVIAttributes@io@3@PAUSAttributeReadWriteOptions@53@@Z 1007aa40 f i customgui.obj
 0002:00014a50       ?deserializeAttributes@IGUIElement@gui@irr@@UAEXPAVIAttributes@io@3@PAUSAttributeReadWriteOptions@53@@Z 1007aa50 f i customgui.obj
 0002:00014f20       ?setAlignment@IGUIElement@gui@irr@@QAEXW4EGUI_ALIGNMENT@23@000@Z 1007af20 f i customgui.obj
 0002:000150f0       ?serializeAttributes@IGUIElement@gui@irr@@$4PPPPPPPM@M@BEXPAVIAttributes@io@3@PAUSAttributeReadWriteOptions@53@@Z 1007b0f0 f i customgui.obj
 0002:00015100       ?serializeAttributes@IGUIElement@gui@irr@@UBEXPAVIAttributes@io@3@PAUSAttributeReadWriteOptions@53@@Z 1007b100 f i customgui.obj
 0002:00015450       ?deserializeAttributes@IGUIElement@gui@irr@@$4PPPPPPPM@M@AEXPAVIAttributes@io@3@PAUSAttributeReadWriteOptions@53@@Z 1007b450 f i customgui.obj
 0002:00015460       ?serializeAttributes@IGUIElement@gui@irr@@$4PPPPPPPM@A@BEXPAVIAttributes@io@3@PAUSAttributeReadWriteOptions@53@@Z 1007b460 f i customgui.obj
 0002:00015470       _CSN_PVOID_METHODS         1007b470 f   customscenenodes.obj
 0002:000154e0       ?CSN_PVOID_METHODS@CustomSceneNode@@QAEXW4CSN_VOID_METHOD@@PAXHIPAM@Z 1007b4e0 f i customscenenodes.obj
 0002:00015790       ?OnRegisterSceneNode@ISceneNode@scene@irr@@UAEXXZ 1007b790 f i customscenenodes.obj
 0002:000158b0       ?OnAnimate@ISceneNode@scene@irr@@UAEXI@Z 1007b8b0 f i customscenenodes.obj
 0002:00015aa0       ?setVisible@ISceneNode@scene@irr@@UAEX_N@Z 1007baa0 f i customscenenodes.obj
 0002:00015af0       ?setID@ISceneNode@scene@irr@@UAEXH@Z 1007baf0 f i customscenenodes.obj
 0002:00015b40       ?addChild@ISceneNode@scene@irr@@UAEXPAV123@@Z 1007bb40 f i customscenenodes.obj
 0002:00015bf0       ?removeAll@ISceneNode@scene@irr@@UAEXXZ 1007bbf0 f i customscenenodes.obj
 0002:00015d20       ?remove@ISceneNode@scene@irr@@UAEXXZ 1007bd20 f i customscenenodes.obj
 0002:00015db0       ?addAnimator@ISceneNode@scene@irr@@UAEXPAVISceneNodeAnimator@23@@Z 1007bdb0 f i customscenenodes.obj
 0002:00015e30       ?removeAnimator@ISceneNode@scene@irr@@UAEXPAVISceneNodeAnimator@23@@Z 1007be30 f i customscenenodes.obj
 0002:00015f70       ?removeAnimators@ISceneNode@scene@irr@@UAEXXZ 1007bf70 f i customscenenodes.obj
 0002:00016090       ?setScale@ISceneNode@scene@irr@@UAEXABV?$vector3d@M@core@3@@Z 1007c090 f i customscenenodes.obj
 0002:000160f0       ?setRotation@ISceneNode@scene@irr@@UAEXABV?$vector3d@M@core@3@@Z 1007c0f0 f i customscenenodes.obj
 0002:00016150       ?setPosition@ISceneNode@scene@irr@@UAEXABV?$vector3d@M@core@3@@Z 1007c150 f i customscenenodes.obj
 0002:000161b0       ?setParent@ISceneNode@scene@irr@@UAEXPAV123@@Z 1007c1b0 f i customscenenodes.obj
 0002:000162a0       ?setTriangleSelector@ISceneNode@scene@irr@@UAEXPAVITriangleSelector@23@@Z 1007c2a0 f i customscenenodes.obj
 0002:00016370       ?updateAbsolutePosition@ISceneNode@scene@irr@@UAEXXZ 1007c370 f i customscenenodes.obj
 0002:00016460       ?getAbsoluteTransformation@ISceneNode@scene@irr@@QBEABV?$CMatrix4@M@core@3@XZ 1007c460 f i customscenenodes.obj
 0002:000164a0       _CSN_PINT_METHODS          1007c4a0 f   customscenenodes.obj
 0002:00016500       ?CSN_PINT_METHODS@CustomSceneNode@@QAEHW4CSN_INT_METHOD@@PAXH@Z 1007c500 f i customscenenodes.obj
 0002:000165e0       ?isVisible@ISceneNode@scene@irr@@UBE_NXZ 1007c5e0 f i customscenenodes.obj
 0002:00016620       ?getID@ISceneNode@scene@irr@@UBEHXZ 1007c620 f i customscenenodes.obj
 0002:00016660       ?removeChild@ISceneNode@scene@irr@@UAE_NPAV123@@Z 1007c660 f i customscenenodes.obj
 0002:000167c0       ?getMaterialCount@ISceneNode@scene@irr@@UBEIXZ 1007c7c0 f i customscenenodes.obj
 0002:00016800       _CSN_PINTPTR_METHODS       1007c800 f   customscenenodes.obj
 0002:00016860       ?CSN_PINTPTR_METHODS@CustomSceneNode@@QAEPAXW4CSN_INTPTR_METHOD@@PAXH@Z 1007c860 f i customscenenodes.obj
 0002:00016910       ?getMaterial@ISceneNode@scene@irr@@UAEAAVSMaterial@video@3@I@Z 1007c910 f i customscenenodes.obj
 0002:00016950       ?getTriangleSelector@ISceneNode@scene@irr@@UBEPAVITriangleSelector@23@XZ 1007c950 f i customscenenodes.obj
 0002:00016990       ?getParent@ISceneNode@scene@irr@@QBEPAV123@XZ 1007c990 f i customscenenodes.obj
 0002:000169d0       _CSN_PFLOAT_METHODS        1007c9d0 f   customscenenodes.obj
 0002:00016a30       ?CSN_PFLOAT_METHODS@CustomSceneNode@@QAEXW4CSN_FLOAT_METHOD@@PAM@Z 1007ca30 f i customscenenodes.obj
 0002:00016bf0       ?getTransformedBoundingBox@ISceneNode@scene@irr@@UBE?BV?$aabbox3d@M@core@3@XZ 1007cbf0 f i customscenenodes.obj
 0002:00016cc0       ?getRelativeTransformation@ISceneNode@scene@irr@@UBE?AV?$CMatrix4@M@core@3@XZ 1007ccc0 f i customscenenodes.obj
 0002:00016e10       ?getScale@ISceneNode@scene@irr@@UBE?AV?$vector3d@M@core@3@XZ 1007ce10 f i customscenenodes.obj
 0002:00016e70       ?getRotation@ISceneNode@scene@irr@@UBEABV?$vector3d@M@core@3@XZ 1007ce70 f i customscenenodes.obj
 0002:00016eb0       ?getPosition@ISceneNode@scene@irr@@UBE?BV?$vector3d@M@core@3@XZ 1007ceb0 f i customscenenodes.obj
 0002:00016f10       ?getAbsolutePosition@ISceneNode@scene@irr@@UBE?AV?$vector3d@M@core@3@XZ 1007cf10 f i customscenenodes.obj
 0002:00016f70       _CSN_CREATE                1007cf70 f   customscenenodes.obj
 0002:00017040       ??0CustomSceneNode@@QAE@PAVISceneNode@scene@irr@@PAVISceneManager@23@HP6GXW4CSN_VOID_METHOD@@PAXHIPAM@ZP6GHW4CSN_INT_METHOD@@3H@ZP6GPAXW4CSN_INTPTR_METHOD@@3H@ZP6GXW4CSN_FLOAT_METHOD@@@Z@Z 1007d040 f i customscenenodes.obj
 0002:00017220       ??0ISceneNode@scene@irr@@QAE@PAV012@PAVISceneManager@12@HABV?$vector3d@M@core@2@22@Z 1007d220 f i customscenenodes.obj
 0002:00017480       ??1ISceneNode@scene@irr@@UAE@XZ 1007d480 f i customscenenodes.obj
 0002:000176a0       ?getName@ISceneNode@scene@irr@@UBEPBDXZ 1007d6a0 f i customscenenodes.obj
 0002:00017700       ?setName@ISceneNode@scene@irr@@UAEXPBD@Z 1007d700 f i customscenenodes.obj
 0002:00017760       ?setDebugDataVisible@ISceneNode@scene@irr@@UAEXW4E_DEBUG_SCENE_TYPE@23@@Z 1007d760 f i customscenenodes.obj
 0002:000177b0       ?getType@ISceneNode@scene@irr@@UBE?AW4ESCENE_NODE_TYPE@23@XZ 1007d7b0 f i customscenenodes.obj
 0002:000177f0       ?serializeAttributes@ISceneNode@scene@irr@@UBEXPAVIAttributes@io@3@PAUSAttributeReadWriteOptions@53@@Z 1007d7f0 f i customscenenodes.obj
 0002:00017a30       ?deserializeAttributes@ISceneNode@scene@irr@@UAEXPAVIAttributes@io@3@PAUSAttributeReadWriteOptions@53@@Z 1007da30 f i customscenenodes.obj
 0002:00017d20       ?clone@ISceneNode@scene@irr@@UAEPAV123@PAV123@PAVISceneManager@23@@Z 1007dd20 f i customscenenodes.obj
 0002:00017d60       ??_EISceneNode@scene@irr@@UAEPAXI@Z 1007dd60 f i customscenenodes.obj
 0002:00017d60       ??_GISceneNode@scene@irr@@UAEPAXI@Z 1007dd60 f i customscenenodes.obj
 0002:00017df0       ??_DISceneNode@scene@irr@@QAEXXZ 1007ddf0 f i customscenenodes.obj
 0002:00017e60       ?getAbsolutePosition@CustomSceneNode@@UAE?AV?$vector3d@M@core@irr@@XZ 1007de60 f i customscenenodes.obj
 0002:00017f10       ?getPosition@CustomSceneNode@@UAE?AV?$vector3d@M@core@irr@@XZ 1007df10 f i customscenenodes.obj
 0002:00017fc0       ?getScale@CustomSceneNode@@UAE?AV?$vector3d@M@core@irr@@XZ 1007dfc0 f i customscenenodes.obj
 0002:00018070       ?getRotation@CustomSceneNode@@UAE?AV?$vector3d@M@core@irr@@XZ 1007e070 f i customscenenodes.obj
 0002:00018120       ?getAbsoluteTransformation@CustomSceneNode@@UAE?AV?$CMatrix4@M@core@irr@@XZ 1007e120 f i customscenenodes.obj
 0002:000181c0       ?getRelativeTransformation@CustomSceneNode@@UAE?AV?$CMatrix4@M@core@irr@@XZ 1007e1c0 f i customscenenodes.obj
 0002:00018260       ?getBoundingBox@CustomSceneNode@@UBEABV?$aabbox3d@M@core@irr@@XZ 1007e260 f i customscenenodes.obj
 0002:000182d0       ?updBB@CustomSceneNode@@UAEXXZ 1007e2d0 f i customscenenodes.obj
 0002:000183e0       ?getTransformedBoundingBox@CustomSceneNode@@UAE?AV?$aabbox3d@M@core@irr@@XZ 1007e3e0 f i customscenenodes.obj
 0002:000184d0       ?getID@CustomSceneNode@@UAEHXZ 1007e4d0 f i customscenenodes.obj
 0002:00018540       ?getMaterialCount@CustomSceneNode@@UAEIXZ 1007e540 f i customscenenodes.obj
 0002:000185b0       ?isVisible@CustomSceneNode@@UAE_NXZ 1007e5b0 f i customscenenodes.obj
 0002:00018620       ?removeChild@CustomSceneNode@@UAE_NPAVISceneNode@scene@irr@@@Z 1007e620 f i customscenenodes.obj
 0002:00018690       ?getParent@CustomSceneNode@@UAEPAVISceneNode@scene@irr@@XZ 1007e690 f i customscenenodes.obj
 0002:00018700       ?getMaterial@CustomSceneNode@@UAEAAVSMaterial@video@irr@@I@Z 1007e700 f i customscenenodes.obj
 0002:00018770       ?getTriangleSelector@CustomSceneNode@@UAEPAVITriangleSelector@scene@irr@@XZ 1007e770 f i customscenenodes.obj
 0002:000187e0       ?addAnimator@CustomSceneNode@@UAEXPAVISceneNodeAnimator@scene@irr@@@Z 1007e7e0 f i customscenenodes.obj
 0002:00018850       ?addChild@CustomSceneNode@@UAEXPAVISceneNode@scene@irr@@@Z 1007e850 f i customscenenodes.obj
 0002:000188c0       ?OnAnimate@CustomSceneNode@@UAEXI@Z 1007e8c0 f i customscenenodes.obj
 0002:00018930       ?OnRegisterSceneNode@CustomSceneNode@@UAEXXZ 1007e930 f i customscenenodes.obj
 0002:000189a0       ?remove@CustomSceneNode@@UAEXXZ 1007e9a0 f i customscenenodes.obj
 0002:00018a10       ?removeAll@CustomSceneNode@@UAEXXZ 1007ea10 f i customscenenodes.obj
 0002:00018a80       ?removeAnimator@CustomSceneNode@@UAEXPAVISceneNodeAnimator@scene@irr@@@Z 1007ea80 f i customscenenodes.obj
 0002:00018af0       ?removeAnimators@CustomSceneNode@@UAEXXZ 1007eaf0 f i customscenenodes.obj
 0002:00018b60       ?render@CustomSceneNode@@UAEXXZ 1007eb60 f i customscenenodes.obj
 0002:00018bd0       ?setID@CustomSceneNode@@UAEXH@Z 1007ebd0 f i customscenenodes.obj
 0002:00018c40       ?setParent@CustomSceneNode@@UAEXPAVISceneNode@scene@irr@@@Z 1007ec40 f i customscenenodes.obj
 0002:00018cb0       ?setPosition@CustomSceneNode@@UAEXV?$vector3d@M@core@irr@@@Z 1007ecb0 f i customscenenodes.obj
 0002:00018d60       ?setRotation@CustomSceneNode@@UAEXV?$vector3d@M@core@irr@@@Z 1007ed60 f i customscenenodes.obj
 0002:00018e10       ?setScale@CustomSceneNode@@UAEXV?$vector3d@M@core@irr@@@Z 1007ee10 f i customscenenodes.obj
 0002:00018ec0       ?setTriangleSelector@CustomSceneNode@@UAEXPAVITriangleSelector@scene@irr@@@Z 1007eec0 f i customscenenodes.obj
 0002:00018f30       ?setVisible@CustomSceneNode@@UAEX_N@Z 1007ef30 f i customscenenodes.obj
 0002:00018fb0       ?updateAbsolutePosition@CustomSceneNode@@UAEXXZ 1007efb0 f i customscenenodes.obj
 0002:00019020       ??_GCustomSceneNode@@UAEPAXI@Z 1007f020 f i customscenenodes.obj
 0002:00019020       ??_ECustomSceneNode@@UAEPAXI@Z 1007f020 f i customscenenodes.obj
 0002:000190b0       ??_DCustomSceneNode@@QAEXXZ 1007f0b0 f i customscenenodes.obj
 0002:00019120       ??1CustomSceneNode@@UAE@XZ 1007f120 f i customscenenodes.obj
 0002:00019180       _CSN_SET_TEMP_FLOATS       1007f180 f   customscenenodes.obj
 0002:000191c0       ??0?$string@DV?$irrAllocator@D@core@irr@@@core@irr@@QAE@XZ 1007f1c0 f i customscenenodes.obj
 0002:000192b0       ??4?$string@DV?$irrAllocator@D@core@irr@@@core@irr@@QAEAAV012@ABV012@@Z 1007f2b0 f i customscenenodes.obj
 0002:000193c0       ?size@?$string@DV?$irrAllocator@D@core@irr@@@core@irr@@QBEIXZ 1007f3c0 f i customscenenodes.obj
 0002:00019400       ?c_str@?$string@DV?$irrAllocator@D@core@irr@@@core@irr@@QBEPBDXZ 1007f400 f i customscenenodes.obj
 0002:00019440       ??9?$vector3d@M@core@irr@@QBE_NABV012@@Z 1007f440 f i customscenenodes.obj
 0002:000194b0       ??0?$list@PAVISceneNode@scene@irr@@@core@irr@@QAE@XZ 1007f4b0 f i customscenenodes.obj
 0002:00019510       ??1?$list@PAVISceneNode@scene@irr@@@core@irr@@QAE@XZ 1007f510 f i customscenenodes.obj
 0002:00019560       ?clear@?$list@PAVISceneNode@scene@irr@@@core@irr@@QAEXXZ 1007f560 f i customscenenodes.obj
 0002:00019610       ?push_back@?$list@PAVISceneNode@scene@irr@@@core@irr@@QAEXABQAVISceneNode@scene@3@@Z 1007f610 f i customscenenodes.obj
 0002:00019770       ?begin@?$list@PAVISceneNode@scene@irr@@@core@irr@@QAE?AVIterator@123@XZ 1007f770 f i customscenenodes.obj
 0002:000197d0       ?end@?$list@PAVISceneNode@scene@irr@@@core@irr@@QAE?AVIterator@123@XZ 1007f7d0 f i customscenenodes.obj
 0002:00019830       ?erase@?$list@PAVISceneNode@scene@irr@@@core@irr@@QAE?AVIterator@123@AAV4123@@Z 1007f830 f i customscenenodes.obj
 0002:00019990       ??0?$list@PAVISceneNodeAnimator@scene@irr@@@core@irr@@QAE@XZ 1007f990 f i customscenenodes.obj
 0002:000199f0       ??1?$list@PAVISceneNodeAnimator@scene@irr@@@core@irr@@QAE@XZ 1007f9f0 f i customscenenodes.obj
 0002:00019a40       ?clear@?$list@PAVISceneNodeAnimator@scene@irr@@@core@irr@@QAEXXZ 1007fa40 f i customscenenodes.obj
 0002:00019af0       ?push_back@?$list@PAVISceneNodeAnimator@scene@irr@@@core@irr@@QAEXABQAVISceneNodeAnimator@scene@3@@Z 1007faf0 f i customscenenodes.obj
 0002:00019c50       ?begin@?$list@PAVISceneNodeAnimator@scene@irr@@@core@irr@@QAE?AVIterator@123@XZ 1007fc50 f i customscenenodes.obj
 0002:00019cb0       ?end@?$list@PAVISceneNodeAnimator@scene@irr@@@core@irr@@QAE?AVIterator@123@XZ 1007fcb0 f i customscenenodes.obj
 0002:00019d10       ?erase@?$list@PAVISceneNodeAnimator@scene@irr@@@core@irr@@QAE?AVIterator@123@AAV4123@@Z 1007fd10 f i customscenenodes.obj
 0002:00019e70       ??EIterator@?$list@PAVISceneNodeAnimator@scene@irr@@@core@irr@@QAEAAV0123@XZ 1007fe70 f i customscenenodes.obj
 0002:00019ec0       ??9Iterator@?$list@PAVISceneNodeAnimator@scene@irr@@@core@irr@@QBE_NABV0123@@Z 1007fec0 f i customscenenodes.obj
 0002:00019f10       ??DIterator@?$list@PAVISceneNodeAnimator@scene@irr@@@core@irr@@QAEAAPAVISceneNodeAnimator@scene@3@XZ 1007ff10 f i customscenenodes.obj
 0002:00019f50       ??EIterator@?$list@PAVISceneNode@scene@irr@@@core@irr@@QAEAAV0123@XZ 1007ff50 f i customscenenodes.obj
 0002:00019fa0       ??9Iterator@?$list@PAVISceneNode@scene@irr@@@core@irr@@QBE_NABV0123@@Z 1007ffa0 f i customscenenodes.obj
 0002:00019ff0       ??DIterator@?$list@PAVISceneNode@scene@irr@@@core@irr@@QAEAAPAVISceneNode@scene@3@XZ 1007fff0 f i customscenenodes.obj
 0002:0001a030       ??0?$aabbox3d@M@core@irr@@QAE@XZ 10080030 f i customscenenodes.obj
 0002:0001a0d0       ??0?$aabbox3d@M@core@irr@@QAE@MMMMMM@Z 100800d0 f i customscenenodes.obj
 0002:0001a170       ?addInternalBox@?$aabbox3d@M@core@irr@@QAEXABV123@@Z 10080170 f i customscenenodes.obj
 0002:0001a1e0       ?reset@?$aabbox3d@M@core@irr@@QAEXMMM@Z 100801e0 f i customscenenodes.obj
 0002:0001a270       ?equals@?$vector3d@M@core@irr@@QBE_NABV123@M@Z 10080270 f i customscenenodes.obj
 0002:0001a380       ?set@?$vector3d@M@core@irr@@QAEXMMM@Z 10080380 f i customscenenodes.obj
 0002:0001a3e0       ??0Iterator@?$list@PAVISceneNodeAnimator@scene@irr@@@core@irr@@AAE@PAUSKListNode@123@@Z 100803e0 f i customscenenodes.obj
 0002:0001a430       ??0Iterator@?$list@PAVISceneNode@scene@irr@@@core@irr@@AAE@PAUSKListNode@123@@Z 10080430 f i customscenenodes.obj
 0002:0001a480       ??0SKListNode@?$list@PAVISceneNode@scene@irr@@@core@irr@@QAE@XZ 10080480 f i customscenenodes.obj
 0002:0001a4d0       ??0SKListNode@?$list@PAVISceneNodeAnimator@scene@irr@@@core@irr@@QAE@XZ 100804d0 f i customscenenodes.obj
 0002:0001a520       ??D?$CMatrix4@M@core@irr@@QBE?AV012@ABV012@@Z 10080520 f i customscenenodes.obj
 0002:0001b160       ??A?$CMatrix4@M@core@irr@@QBEABMI@Z 10081160 f i customscenenodes.obj
 0002:0001b1b0       ??X?$CMatrix4@M@core@irr@@QAEAAV012@ABV012@@Z 100811b0 f i customscenenodes.obj
 0002:0001b290       ?setbyproduct_nocheck@?$CMatrix4@M@core@irr@@QAEXABV123@0@Z 10081290 f i customscenenodes.obj
 0002:0001b790       ?setTranslation@?$CMatrix4@M@core@irr@@QAEXABV?$vector3d@M@23@@Z 10081790 f i customscenenodes.obj
 0002:0001b800       ?getTranslation@?$CMatrix4@M@core@irr@@QBE?AV?$vector3d@M@23@XZ 10081800 f i customscenenodes.obj
 0002:0001b880       ?setRotationDegrees@?$CMatrix4@M@core@irr@@QAEXABV?$vector3d@M@23@@Z 10081880 f i customscenenodes.obj
 0002:0001b900       ?setScale@?$CMatrix4@M@core@irr@@QAEXABV?$vector3d@M@23@@Z 10081900 f i customscenenodes.obj
 0002:0001b970       ?transformBox@?$CMatrix4@M@core@irr@@QBEXAAV?$aabbox3d@M@23@@Z 10081970 f i customscenenodes.obj
 0002:0001ba00       ?repair@?$aabbox3d@M@core@irr@@QAEXXZ 10081a00 f i customscenenodes.obj
 0002:0001baf0       ?setRotationRadians@?$CMatrix4@M@core@irr@@QAEXABV?$vector3d@M@23@@Z 10081af0 f i customscenenodes.obj
 0002:0001bcb0       ?cos@@YAMM@Z               10081cb0 f i customscenenodes.obj
 0002:0001bd10       _cosf                      10081d10 f i customscenenodes.obj
 0002:0001bd80       ?sin@@YAMM@Z               10081d80 f i customscenenodes.obj
 0002:0001bde0       _sinf                      10081de0 f i customscenenodes.obj
 0002:0001be50       ?GetDeviceFromIntPtr@@YAPAVIrrlichtDevice@irr@@PAX@Z 10081e50 f   device.obj
 0002:0001be90       _CreateDevice              10081e90 f   device.obj
 0002:0001bff0       ??0SIrrlichtCreationParameters@irr@@QAE@XZ 10081ff0 f i device.obj
 0002:0001c100       ??0EventReceiver@@QAE@XZ   10082100 f i device.obj
 0002:0001c170       ?OnEvent@EventReceiver@@UAE_NABUSEvent@irr@@@Z 10082170 f i device.obj
 0002:0001c250       ??_GEventReceiver@@UAEPAXI@Z 10082250 f i device.obj
 0002:0001c250       ??_EEventReceiver@@UAEPAXI@Z 10082250 f i device.obj
 0002:0001c2c0       ??1EventReceiver@@UAE@XZ   100822c0 f i device.obj
 0002:0001c310       _CreateDeviceA             10082310 f   device.obj
 0002:0001c470       _Device_SetWindowCaption   10082470 f   device.obj
 0002:0001c500       _Device_GetSceneManager    10082500 f   device.obj
 0002:0001c580       _Device_GetVideoDriver     10082580 f   device.obj
 0002:0001c600       _Device_Run                10082600 f   device.obj
 0002:0001c690       _Device_Drop               10082690 f   device.obj
 0002:0001c710       _Device_Close              10082710 f   device.obj
 0002:0001c790       _Device_GetCursorControl   10082790 f   device.obj
 0002:0001c810       _Device_GetFileSystem      10082810 f   device.obj
 0002:0001c890       _Device_GetGUIEnvironment  10082890 f   device.obj
 0002:0001c910       _Device_GetTimer           10082910 f   device.obj
 0002:0001c990       _Device_GetVideoModeList   10082990 f   device.obj
 0002:0001ca10       _Device_GetVersion         10082a10 f   device.obj
 0002:0001caa0       _Device_IsWindowActive     10082aa0 f   device.obj
 0002:0001cb30       _Device_SetResizeable      10082b30 f   device.obj
 0002:0001cbb0       _Device_SetCallback        10082bb0 f   device.obj
 0002:0001cc40       ?setCallback@EventReceiver@@QAEXP6G_NQAX@Z@Z 10082c40 f i device.obj
 0002:0001cc90       _VideoModeList_GetDesktopDepth 10082c90 f   device.obj
 0002:0001ccf0       _VideoModeList_GetDesktopResolution 10082cf0 f   device.obj
 0002:0001cd70       _VideoModeList_GetVideoModeCount 10082d70 f   device.obj
 0002:0001cdd0       _VideoModeList_GetVideoModeDepth 10082dd0 f   device.obj
 0002:0001ce30       _VideoModeList_GetVideoModeResolution 10082e30 f   device.obj
 0002:0001ceb0       _FileSystem_AddZipFileArchive 10082eb0 f   device.obj
 0002:0001cf20       _FileSystem_ChangeWorkingDirectory 10082f20 f   device.obj
 0002:0001cf90       _FileSystem_GetFileList    10082f90 f   device.obj
 0002:0001cff0       _FileSystem_ExistsFile     10082ff0 f   device.obj
 0002:0001d060       _FileSystem_GetWorkingDirectory 10083060 f   device.obj
 0002:0001d0d0       _CursorControl_GetPosition 100830d0 f   device.obj
 0002:0001d140       _CursorControl_GetRelativePosition 10083140 f   device.obj
 0002:0001d1b0       _CursorControl_IsVisible   100831b0 f   device.obj
 0002:0001d220       _CursorControl_SetPosition 10083220 f   device.obj
 0002:0001d290       _CursorControl_SetPositionA 10083290 f   device.obj
 0002:0001d300       _CursorControl_SetVisible  10083300 f   device.obj
 0002:0001d360       _Timer_GetRealTime         10083360 f   device.obj
 0002:0001d3c0       _Timer_GetSpeed            100833c0 f   device.obj
 0002:0001d420       _Timer_GetTime             10083420 f   device.obj
 0002:0001d480       _Timer_IsStopped           10083480 f   device.obj
 0002:0001d4f0       _Timer_SetSpeed            100834f0 f   device.obj
 0002:0001d560       _Timer_SetTime             10083560 f   device.obj
 0002:0001d5c0       _Timer_Start               100835c0 f   device.obj
 0002:0001d620       _Timer_Stop                10083620 f   device.obj
 0002:0001d680       _Timer_Tick                10083680 f   device.obj
 0002:0001d6e0       _FileList_GetFileCount     100836e0 f   device.obj
 0002:0001d740       _FileList_GetFileName      10083740 f   device.obj
 0002:0001d7b0       _FileList_GetFullFileName  100837b0 f   device.obj
 0002:0001d810       _FileList_IsDirectory      10083810 f   device.obj
 0002:0001d880       _Device_GetLogger          10083880 f   device.obj
 0002:0001d8e0       _Logger_GetLogLevel        100838e0 f   device.obj
 0002:0001d940       _Logger_Log                10083940 f   device.obj
 0002:0001d9b0       _Logger_LogA               100839b0 f   device.obj
 0002:0001da20       _Logger_SetLogLevel        10083a20 f   device.obj
 0002:0001da80       _Event_Create              10083a80 f   event.obj
 0002:0001db40       ?GetEventFromIntPtr@@YAPAUSEvent@irr@@PAX@Z 10083b40 f   event.obj
 0002:0001db80       _Event_GetType             10083b80 f   event.obj
 0002:0001dbd0       _Event_GetMouseInputEvent  10083bd0 f   event.obj
 0002:0001dc30       _Event_GetGUIEventType     10083c30 f   event.obj
 0002:0001dc90       _Event_GetMouseWheelDelta  10083c90 f   event.obj
 0002:0001dcf0       _Event_GetMousePosition    10083cf0 f   event.obj
 0002:0001dd70       _Event_GetKey              10083d70 f   event.obj
 0002:0001ddd0       _Event_GetKeyPressedDown   10083dd0 f   event.obj
 0002:0001de30       _Event_GetKeyShift         10083e30 f   event.obj
 0002:0001de90       _Event_GetKeyControl       10083e90 f   event.obj
 0002:0001def0       _Event_GetKeyChar          10083ef0 f   event.obj
 0002:0001df50       _Event_GetLogString        10083f50 f   event.obj
 0002:0001dfc0       _Event_GetCaller           10083fc0 f   event.obj
 0002:0001e020       _Event_SetType             10084020 f   event.obj
 0002:0001e080       ?Event_GetUserDataI@@YAHPAXD@Z 10084080 f   event.obj
 0002:0001e110       _Event_GetUserDataF        10084110 f   event.obj
 0002:0001e170       _Event_SetUserDataI        10084170 f   event.obj
 0002:0001e200       _Event_SetUserDataF        10084200 f   event.obj
 0002:0001e260       _MaterialRendererServices_GetVideoDriver 10084260 f   gpu.obj
 0002:0001e2c0       _MaterialRendererServices_SetBasicRenderStates 100842c0 f   gpu.obj
 0002:0001e330       _MaterialRendererServices_SetPixelShaderConstant 10084330 f   gpu.obj
 0002:0001e3a0       _MaterialRendererServices_SetPixelShaderConstantA 100843a0 f   gpu.obj
 0002:0001e410       _MaterialRendererServices_SetVertexShaderConstant 10084410 f   gpu.obj
 0002:0001e480       _MaterialRendererServices_SetVertexShaderConstantA 10084480 f   gpu.obj
 0002:0001e4f0       _GPU_AddHighLevelShaderMaterial 100844f0 f   gpu.obj
 0002:0001e5f0       ??0ShaderConstantSetCallBack@@QAE@P6G_NPAXH@Z@Z 100845f0 f i gpu.obj
 0002:0001e700       ?OnSetConstants@ShaderConstantSetCallBack@@UAEXPAVIMaterialRendererServices@video@irr@@H@Z 10084700 f i gpu.obj
 0002:0001e770       ??_GShaderConstantSetCallBack@@UAEPAXI@Z 10084770 f i gpu.obj
 0002:0001e770       ??_EShaderConstantSetCallBack@@UAEPAXI@Z 10084770 f i gpu.obj
 0002:0001e7f0       ??0IShaderConstantSetCallBack@video@irr@@QAE@XZ 100847f0 f i gpu.obj
 0002:0001e8a0       ??_EIShaderConstantSetCallBack@video@irr@@UAEPAXI@Z 100848a0 f i gpu.obj
 0002:0001e8a0       ??_GIShaderConstantSetCallBack@video@irr@@UAEPAXI@Z 100848a0 f i gpu.obj
 0002:0001e920       ??_DIShaderConstantSetCallBack@video@irr@@QAEXXZ 10084920 f i gpu.obj
 0002:0001e980       ??1IShaderConstantSetCallBack@video@irr@@UAE@XZ 10084980 f i gpu.obj
 0002:0001e9e0       ??_DShaderConstantSetCallBack@@QAEXXZ 100849e0 f i gpu.obj
 0002:0001ea40       ??1ShaderConstantSetCallBack@@UAE@XZ 10084a40 f i gpu.obj
 0002:0001eaa0       _GPU_AddHighLevelShaderMaterialFromFiles 10084aa0 f   gpu.obj
 0002:0001eba0       _GPU_AddShaderMaterial     10084ba0 f   gpu.obj
 0002:0001ec90       _GPU_AddShaderMaterialFromFiles 10084c90 f   gpu.obj
 0002:0001ed80       ?GetElem@@YAPAVIGUIElement@gui@irr@@PAX@Z 10084d80 f   guielem.obj
 0002:0001edc0       _GuiElem_AddChild          10084dc0 f   guielem.obj
 0002:0001ee50       _GuiElem_BringToFront      10084e50 f   guielem.obj
 0002:0001eef0       _GuiElem_Draw              10084ef0 f   guielem.obj
 0002:0001ef70       _GuiElem_GetToolTipText    10084f70 f   guielem.obj
 0002:0001f000       _GuiElem_SetToolTipText    10085000 f   guielem.obj
 0002:0001f090       _GuiElem_GetAbsolutePosition 10085090 f   guielem.obj
 0002:0001f100       _GuiElem_GetChildren       10085100 f   guielem.obj
 0002:0001f230       _GuiElem_GetChildrenCount  10085230 f   guielem.obj
 0002:0001f2b0       _GuiElem_GetElementFromID  100852b0 f   guielem.obj
 0002:0001f340       _GuiElem_GetElementFromPoint 10085340 f   guielem.obj
 0002:0001f3c0       ?getElementFromPoint@IGUIElement@gui@irr@@QAEPAV123@ABV?$position2d@H@core@3@@Z 100853c0 f i guielem.obj
 0002:0001f510       _GuiElem_GetID             10085510 f   guielem.obj
 0002:0001f590       _GuiElem_GetParent         10085590 f   guielem.obj
 0002:0001f5f0       _GuiElem_GetRelativePosition 100855f0 f   guielem.obj
 0002:0001f660       ?getRelativePosition@IGUIElement@gui@irr@@QBE?AV?$rect@H@core@3@XZ 10085660 f i guielem.obj
 0002:0001f6c0       _GuiElem_GetText           100856c0 f   guielem.obj
 0002:0001f750       _GuiElem_GetType           10085750 f   guielem.obj
 0002:0001f7b0       _GuiElem_IsEnabled         100857b0 f   guielem.obj
 0002:0001f840       _GuiElem_IsVisible         10085840 f   guielem.obj
 0002:0001f8d0       _GuiElem_Move              100858d0 f   guielem.obj
 0002:0001f960       _GuiElem_OnEvent           10085960 f   guielem.obj
 0002:0001f9f0       _GuiElem_Remove            100859f0 f   guielem.obj
 0002:0001fa70       _GuiElem_RemoveChild       10085a70 f   guielem.obj
 0002:0001fb00       _GuiElem_SetEnabled        10085b00 f   guielem.obj
 0002:0001fb80       _GuiElem_SetID             10085b80 f   guielem.obj
 0002:0001fc00       _GuiElem_SetRelativePosition 10085c00 f   guielem.obj
 0002:0001fc90       _GuiElem_SetText           10085c90 f   guielem.obj
 0002:0001fd20       _GuiElem_SetVisible        10085d20 f   guielem.obj
 0002:0001fda0       _GuiElem_UpdateAbsolutePosition 10085da0 f   guielem.obj
 0002:0001fe20       _GuiElem_OnPostRender      10085e20 f   guielem.obj
 0002:0001fea0       _GuiElem_SetAlignment      10085ea0 f   guielem.obj
 0002:0001ff20       _GuiElem_SetMaxSize        10085f20 f   guielem.obj
 0002:0001ffa0       _GuiElem_SetMinSize        10085fa0 f   guielem.obj
 0002:00020020       _GuiElem_SetNotClipped     10086020 f   guielem.obj
 0002:00020080       _GuiElem_GetNotClipped     10086080 f   guielem.obj
 0002:000200f0       ?getSize@?$list@PAVIGUIElement@gui@irr@@@core@irr@@QBEIXZ 100860f0 f i guielem.obj
 0002:00020130       ?getLast@?$list@PAVIGUIElement@gui@irr@@@core@irr@@QAE?AVIterator@123@XZ 10086130 f i guielem.obj
 0002:00020190       ??FIterator@?$list@PAVIGUIElement@gui@irr@@@core@irr@@QAEAAV0123@XZ 10086190 f i guielem.obj
 0002:000201e0       _GUIButton_GetUseAlphaChannel 100861e0 f   guielem2.obj
 0002:00020230       _GUIButton_IsPressed       10086230 f   guielem2.obj
 0002:000202a0       _GUIButton_SetImage        100862a0 f   guielem2.obj
 0002:00020330       _GUIButton_SetImageA       10086330 f   guielem2.obj
 0002:00020390       _GUIButton_SetIsPushButton 10086390 f   guielem2.obj
 0002:00020400       _GUIButton_SetOverrideFont 10086400 f   guielem2.obj
 0002:00020460       _GUIButton_SetPressed      10086460 f   guielem2.obj
 0002:000204d0       _GUIButton_SetPressedImage 100864d0 f   guielem2.obj
 0002:00020560       _GUIButton_SetPressedImageA 10086560 f   guielem2.obj
 0002:000205c0       _GUIButton_SetUseAlphaChannel 100865c0 f   guielem2.obj
 0002:00020630       _GUICheckBox_IsChecked     10086630 f   guielem2.obj
 0002:000206a0       _GUICheckBox_SetChecked    100866a0 f   guielem2.obj
 0002:00020700       _GUIComboBox_AddItem       10086700 f   guielem2.obj
 0002:00020770       _GUIComboBox_Clear         10086770 f   guielem2.obj
 0002:000207d0       _GUIComboBox_GetItem       100867d0 f   guielem2.obj
 0002:00020840       _GUIComboBox_GetItemCount  10086840 f   guielem2.obj
 0002:000208a0       _GUIComboBox_GetSelected   100868a0 f   guielem2.obj
 0002:00020900       _GUIComboBox_SetSelected   10086900 f   guielem2.obj
 0002:00020970       _GUIContextMenu_AddItem    10086970 f   guielem2.obj
 0002:000209f0       _GUIContextMenu_AddSeparator 100869f0 f   guielem2.obj
 0002:00020a50       _GUIContextMenu_GetItemCommandID 10086a50 f   guielem2.obj
 0002:00020ac0       _GUIContextMenu_GetItemCount 10086ac0 f   guielem2.obj
 0002:00020b20       _GUIContextMenu_GetItemText 10086b20 f   guielem2.obj
 0002:00020b90       _GUIContextMenu_GetSelectedItem 10086b90 f   guielem2.obj
 0002:00020bf0       _GUIContextMenu_GetSubMenu 10086bf0 f   guielem2.obj
 0002:00020c60       _GUIContextMenu_IsItemEnabled 10086c60 f   guielem2.obj
 0002:00020cd0       _GUIContextMenu_RemoveAllItems 10086cd0 f   guielem2.obj
 0002:00020d30       _GUIContextMenu_RemoveItem 10086d30 f   guielem2.obj
 0002:00020da0       _GUIContextMenu_SetItemCommandID 10086da0 f   guielem2.obj
 0002:00020e10       _GUIContextMenu_SetItemEnabled 10086e10 f   guielem2.obj
 0002:00020e80       _GUIContextMenu_SetItemText 10086e80 f   guielem2.obj
 0002:00020ef0       _GUIEditBox_EnableOverrideColor 10086ef0 f   guielem2.obj
 0002:00020f50       _GUIEditBox_GetMax         10086f50 f   guielem2.obj
 0002:00020fb0       _GUIEditBox_SetMax         10086fb0 f   guielem2.obj
 0002:00021020       _GUIEditBox_SetOverrideColor 10087020 f   guielem2.obj
 0002:000210b0       _GUIEditBox_SetOverrideFont 100870b0 f   guielem2.obj
 0002:00021110       _GUIFileOpenDialog_GetFilename 10087110 f   guielem2.obj
 0002:00021180       _GUIImage_SetImage         10087180 f   guielem2.obj
 0002:000211e0       _GUIImage_SetUseAlphaChannel 100871e0 f   guielem2.obj
 0002:00021240       _GUIFont_Draw              10087240 f   guielem2.obj
 0002:00021370       _GUIFont_GetCharacterFromPos 10087370 f   guielem2.obj
 0002:000213e0       _GUIFont_GetDimension      100873e0 f   guielem2.obj
 0002:00021470       _GUIFader_FadeIn           10087470 f   guielem2.obj
 0002:000214d0       _GUIFader_FadeOut          100874d0 f   guielem2.obj
 0002:00021530       _GUIFader_GetColor         10087530 f   guielem2.obj
 0002:000215b0       _GUIFader_IsReady          100875b0 f   guielem2.obj
 0002:00021620       _GUIFader_SetColor         10087620 f   guielem2.obj
 0002:000216b0       _GUIListBox_AddItem        100876b0 f   guielem2.obj
 0002:00021720       _GUIListBox_AddItemA       10087720 f   guielem2.obj
 0002:00021790       _GUIListBox_Clear          10087790 f   guielem2.obj
 0002:000217f0       _GUIListBox_GetItemCount   100877f0 f   guielem2.obj
 0002:00021850       _GUIListBox_GetListItem    10087850 f   guielem2.obj
 0002:000218c0       _GUIListBox_GetSelected    100878c0 f   guielem2.obj
 0002:00021920       _GUISpinBox_GetMax         10087920 f   guielem2.obj
 0002:00021980       _GUISpinBox_GetMin         10087980 f   guielem2.obj
 0002:000219e0       _GUISpinBox_GetStepSize    100879e0 f   guielem2.obj
 0002:00021a40       _GUISpinBox_GetValue       10087a40 f   guielem2.obj
 0002:00021aa0       _GUISpinBox_GetEditBox     10087aa0 f   guielem2.obj
 0002:00021b00       _GUISpinBox_SetRange       10087b00 f   guielem2.obj
 0002:00021b70       _GUISpinBox_SetStepSize    10087b70 f   guielem2.obj
 0002:00021be0       _GUISpinBox_SetValue       10087be0 f   guielem2.obj
 0002:00021c50       _GUISpinBox_SetDecimalPlaces 10087c50 f   guielem2.obj
 0002:00021cc0       _GUIListBox_SetSelected    10087cc0 f   guielem2.obj
 0002:00021d30       _GUIMeshViewer_GetMaterial 10087d30 f   guielem2.obj
 0002:00021d90       _GUIMeshViewer_SetMaterial 10087d90 f   guielem2.obj
 0002:00021df0       _GUIMeshViewer_SetMesh     10087df0 f   guielem2.obj
 0002:00021e50       _GUIWindow_GetCloseButton  10087e50 f   guielem2.obj
 0002:00021eb0       _GUIWindow_GetMaximizeButton 10087eb0 f   guielem2.obj
 0002:00021f10       _GUIWindow_GetMinimizeButton 10087f10 f   guielem2.obj
 0002:00021f70       _GUIScrollBar_GetPos       10087f70 f   guielem2.obj
 0002:00021fd0       _GUIScrollBar_SetMax       10087fd0 f   guielem2.obj
 0002:00022030       _GUIScrollBar_SetPos       10088030 f   guielem2.obj
 0002:000220a0       _GUIStaticText_EnableOverrideColor 100880a0 f   guielem2.obj
 0002:00022100       _GUIStaticText_GetTextHeight 10088100 f   guielem2.obj
 0002:00022160       _GUIStaticText_SetOverrideColor 10088160 f   guielem2.obj
 0002:000221f0       _GUIStaticText_SetOverrideFont 100881f0 f   guielem2.obj
 0002:00022250       _GUIStaticText_SetWordWrap 10088250 f   guielem2.obj
 0002:000222c0       _GUITab_GetNumber          100882c0 f   guielem2.obj
 0002:00022320       _GUITab_SetBackgroundColor 10088320 f   guielem2.obj
 0002:000223b0       _GUITab_SetDrawBackground  100883b0 f   guielem2.obj
 0002:00022410       _GUITabControl_AddTab      10088410 f   guielem2.obj
 0002:00022480       _GUITabControl_GetActiveTab 10088480 f   guielem2.obj
 0002:000224e0       _GUITabControl_GetTab      100884e0 f   guielem2.obj
 0002:00022540       _GUITabControl_GetTabCount 10088540 f   guielem2.obj
 0002:000225a0       _GUITabControl_SetActiveTab 100885a0 f   guielem2.obj
 0002:00022610       _GUIToolBar_AddButton      10088610 f   guielem2.obj
 0002:000226b0       ?GetGui@@YAPAVIGUIEnvironment@gui@irr@@PAX@Z 100886b0 f   guienv.obj
 0002:000226f0       _GuiEnv_AddButton          100886f0 f   guienv.obj
 0002:000227c0       _GuiEnv_AddCheckBox        100887c0 f   guienv.obj
 0002:00022890       _GuiEnv_AddComboBox        10088890 f   guienv.obj
 0002:00022950       _GuiEnv_AddContextMenu     10088950 f   guienv.obj
 0002:00022a10       _GuiEnv_AddEditBox         10088a10 f   guienv.obj
 0002:00022ae0       _GuiEnv_AddFileOpenDialog  10088ae0 f   guienv.obj
 0002:00022b80       _GuiEnv_AddImage           10088b80 f   guienv.obj
 0002:00022c50       _GuiEnv_GetBuiltInFont     10088c50 f   guienv.obj
 0002:00022cd0       _GuiEnv_AddImageA          10088cd0 f   guienv.obj
 0002:00022d80       _GuiEnv_AddInOutFader      10088d80 f   guienv.obj
 0002:00022e90       _GuiEnv_AddListBox         10088e90 f   guienv.obj
 0002:00022f50       _GuiEnv_AddMenu            10088f50 f   guienv.obj
 0002:00022fe0       _GuiEnv_AddMeshViewer      10088fe0 f   guienv.obj
 0002:000230b0       _GuiEnv_AddMessageBox      100890b0 f   guienv.obj
 0002:00023160       _GuiEnv_AddScrollBar       10089160 f   guienv.obj
 0002:00023220       _GuiEnv_AddStaticText      10089220 f   guienv.obj
 0002:00023300       _GuiEnv_AddTab             10089300 f   guienv.obj
 0002:000233c0       _GuiEnv_AddTabControl      100893c0 f   guienv.obj
 0002:00023480       _GuiEnv_AddToolBar         10089480 f   guienv.obj
 0002:00023510       _GuiEnv_AddWindow          10089510 f   guienv.obj
 0002:000235e0       _GuiEnv_AddColorSelectDialog 100895e0 f   guienv.obj
 0002:00023680       _GuiEnv_AddSpinBox         10089680 f   guienv.obj
 0002:00023750       _GuiEnv_CreateSkin         10089750 f   guienv.obj
 0002:000237d0       _GuiEnv_DrawAll            100897d0 f   guienv.obj
 0002:00023850       _GuiEnv_GetFont            10089850 f   guienv.obj
 0002:000238d0       _GuiEnv_Clear              100898d0 f   guienv.obj
 0002:00023950       _GuiEnv_GetRootGUIElement  10089950 f   guienv.obj
 0002:000239d0       _GuiEnv_GetSkin            100899d0 f   guienv.obj
 0002:00023a50       _GuiEnv_GetVideoDriver     10089a50 f   guienv.obj
 0002:00023ad0       _GuiEnv_HasFocus           10089ad0 f   guienv.obj
 0002:00023b60       _GuiEnv_LoadGUI            10089b60 f   guienv.obj
 0002:00023bf0       _GuiEnv_SaveGUI            10089bf0 f   guienv.obj
 0002:00023c80       _GuiEnv_PostEventFromUser  10089c80 f   guienv.obj
 0002:00023d10       _GuiEnv_RemoveFocus        10089d10 f   guienv.obj
 0002:00023d90       _GuiEnv_SetFocus           10089d90 f   guienv.obj
 0002:00023e10       _GuiEnv_SetSkin            10089e10 f   guienv.obj
 0002:00023e90       _GuiSkin_GetColor          10089e90 f   guienv.obj
 0002:00023f10       _GuiSkin_GetDefaultText    10089f10 f   guienv.obj
 0002:00023f80       _GuiSkin_GetFont           10089f80 f   guienv.obj
 0002:00023fe0       _GuiSkin_GetSize           10089fe0 f   guienv.obj
 0002:00024040       _GuiSkin_SetColor          1008a040 f   guienv.obj
 0002:000240e0       _GuiSkin_SetDefaultText    1008a0e0 f   guienv.obj
 0002:00024150       _GuiSkin_SetFont           1008a150 f   guienv.obj
 0002:000241c0       _GuiSkin_SetSize           1008a1c0 f   guienv.obj
 0002:00024230       _Material_Create           1008a230 f   material.obj
 0002:000242d0       ??0SMaterial@video@irr@@QAE@XZ 1008a2d0 f i material.obj
 0002:00024450       ??0SMaterialLayer@video@irr@@QAE@XZ 1008a450 f i material.obj
 0002:000244d0       ??1SMaterialLayer@video@irr@@QAE@XZ 1008a4d0 f i material.obj
 0002:00024540       _MaterialLayer_Create      1008a540 f   material.obj
 0002:000245e0       ?GetMatFromIntPtr@@YAPAVSMaterial@video@irr@@PAX@Z 1008a5e0 f   material.obj
 0002:00024620       ?GetMatLyrFromIntPtr@@YAPAVSMaterialLayer@video@irr@@PAX@Z 1008a620 f   material.obj
 0002:00024660       _Material_GetAmbientColor  1008a660 f   material.obj
 0002:000246d0       _Material_GetDiffuseColor  1008a6d0 f   material.obj
 0002:00024740       _Material_GetEmissiveColor 1008a740 f   material.obj
 0002:000247b0       _Material_GetMaterialType  1008a7b0 f   material.obj
 0002:00024800       _Material_GetMaterialTypeParam 1008a800 f   material.obj
 0002:00024860       _Material_GetShininess     1008a860 f   material.obj
 0002:000248c0       _Material_GetSpecularColor 1008a8c0 f   material.obj
 0002:00024930       ?Material_GetTexture@@YAPAXPAXH@Z 1008a930 f   material.obj
 0002:00024990       ?getTexture@SMaterial@video@irr@@QBEPAVITexture@23@I@Z 1008a990 f i material.obj
 0002:000249f0       _Material_SetTexture       1008a9f0 f   material.obj
 0002:00024a50       _Material_GetBackfaceCulling 1008aa50 f   material.obj
 0002:00024ab0       _Material_GetFogEnable     1008aab0 f   material.obj
 0002:00024b10       _Material_GetGouraudShading 1008ab10 f   material.obj
 0002:00024b70       _Material_GetLighting      1008ab70 f   material.obj
 0002:00024bd0       _Material_GetNormalizeNormals 1008abd0 f   material.obj
 0002:00024c30       _Material_GetWireframe     1008ac30 f   material.obj
 0002:00024c90       _Material_GetZBuffer       1008ac90 f   material.obj
 0002:00024cf0       _Material_GetZWriteEnable  1008acf0 f   material.obj
 0002:00024d50       _Material_SetAmbientColor  1008ad50 f   material.obj
 0002:00024de0       _Material_SetDiffuseColor  1008ade0 f   material.obj
 0002:00024e70       _Material_SetEmissiveColor 1008ae70 f   material.obj
 0002:00024f00       _Material_SetMaterialType  1008af00 f   material.obj
 0002:00024f60       _Material_SetMaterialTypeParam 1008af60 f   material.obj
 0002:00024fc0       _Material_SetShininess     1008afc0 f   material.obj
 0002:00025020       _Material_SetSpecularColor 1008b020 f   material.obj
 0002:000250b0       _Material_SetBackfaceCulling 1008b0b0 f   material.obj
 0002:00025110       _Material_SetFogEnable     1008b110 f   material.obj
 0002:00025170       _Material_SetGouraudShading 1008b170 f   material.obj
 0002:000251d0       _Material_SetLighting      1008b1d0 f   material.obj
 0002:00025230       _Material_SetNormalizeNormals 1008b230 f   material.obj
 0002:00025290       _Material_SetWireframe     1008b290 f   material.obj
 0002:000252f0       _Material_SetZBuffer       1008b2f0 f   material.obj
 0002:00025350       _Material_SetZWriteEnable  1008b350 f   material.obj
 0002:000253b0       _Material_GetMaterialLayer 1008b3b0 f   material.obj
 0002:00025420       _Material_SetMaterialLayer 1008b420 f   material.obj
 0002:000254a0       ??4SMaterialLayer@video@irr@@QAEAAV012@ABV012@@Z 1008b4a0 f i material.obj
 0002:00025660       _MaterialLayer_GetAnisotropicFilter 1008b660 f   material.obj
 0002:000256c0       _MaterialLayer_SetAnisotropicFilter 1008b6c0 f   material.obj
 0002:00025720       _MaterialLayer_GetBilinearFilter 1008b720 f   material.obj
 0002:00025780       _MaterialLayer_SetBilinearFilter 1008b780 f   material.obj
 0002:000257e0       _MaterialLayer_GetTrilinearFilter 1008b7e0 f   material.obj
 0002:00025840       _MaterialLayer_SetTrilinearFilter 1008b840 f   material.obj
 0002:000258a0       _MaterialLayer_SetTexture  1008b8a0 f   material.obj
 0002:00025900       _MaterialLayer_GetTexture  1008b900 f   material.obj
 0002:00025950       _MaterialLayer_GetTransform 1008b950 f   material.obj
 0002:000259d0       ?getTextureMatrix@SMaterialLayer@video@irr@@QAEAAV?$CMatrix4@M@core@3@XZ 1008b9d0 f i material.obj
 0002:00025ae0       _MaterialLayer_SetTransform 1008bae0 f   material.obj
 0002:00025b50       ?setTextureMatrix@SMaterialLayer@video@irr@@QAEXABV?$CMatrix4@M@core@3@@Z 1008bb50 f i material.obj
 0002:00025c70       _Mesh_Create               1008bc70 f   mesh.obj
 0002:00025d10       ??0SMesh@scene@irr@@QAE@XZ 1008bd10 f i mesh.obj
 0002:00025e60       ??1IMesh@scene@irr@@UAE@XZ 1008be60 f i mesh.obj
 0002:00025ec0       ??_EIMesh@scene@irr@@UAEPAXI@Z 1008bec0 f i mesh.obj
 0002:00025ec0       ??_GIMesh@scene@irr@@UAEPAXI@Z 1008bec0 f i mesh.obj
 0002:00025f40       ??_DIMesh@scene@irr@@QAEXXZ 1008bf40 f i mesh.obj
 0002:00025fa0       ??0IMesh@scene@irr@@QAE@XZ 1008bfa0 f i mesh.obj
 0002:00026050       ?getMeshBufferCount@SMesh@scene@irr@@UBEIXZ 1008c050 f i mesh.obj
 0002:000260b0       ?getMeshBuffer@SMesh@scene@irr@@UBEPAVIMeshBuffer@23@I@Z 1008c0b0 f i mesh.obj
 0002:00026110       ?getMeshBuffer@SMesh@scene@irr@@UBEPAVIMeshBuffer@23@ABVSMaterial@video@3@@Z 1008c110 f i mesh.obj
 0002:000261f0       ??8SMaterial@video@irr@@QBE_NABV012@@Z 1008c1f0 f i mesh.obj
[...]
      467    _SceneManager_CreateFlyCircleAnimator
               exported name: SceneManager_CreateFlyCircleAnimator
      468    _SceneManager_CreateFlyStraightAnimator
               exported name: SceneManager_CreateFlyStraightAnimator
      469    _SceneManager_CreateFollowSplineAnimator
               exported name: SceneManager_CreateFollowSplineAnimator
      470    _SceneManager_CreateMetaTriangleSelector
               exported name: SceneManager_CreateMetaTriangleSelector
      471    _SceneManager_CreateNewSceneManager
               exported name: SceneManager_CreateNewSceneManager
      472    _SceneManager_CreateOctTreeTriangleSelector
               exported name: SceneManager_CreateOctTreeTriangleSelector
      473    _SceneManager_CreateRotationAnimator
               exported name: SceneManager_CreateRotationAnimator
      474    _SceneManager_CreateTerrainTriangleSelector
               exported name: SceneManager_CreateTerrainTriangleSelector
      475    _SceneManager_CreateTextureAnimator
               exported name: SceneManager_CreateTextureAnimator
      476    _SceneManager_CreateTriangleSelector
               exported name: SceneManager_CreateTriangleSelector
      477    _SceneManager_CreateTriangleSelectorFromBoundingBox
               exported name: SceneManager_CreateTriangleSelectorFromBoundingBox
      478    _SceneManager_DrawAll
               exported name: SceneManager_DrawAll
      479    _SceneManager_GetActiveCamera
               exported name: SceneManager_GetActiveCamera
      480    _SceneManager_GetGUIEnv
               exported name: SceneManager_GetGUIEnv
      481    _SceneManager_GetMesh
               exported name: SceneManager_GetMesh
      482    _SceneManager_GetMeshCache
               exported name: SceneManager_GetMeshCache
      483    _SceneManager_GetMeshManipulator
               exported name: SceneManager_GetMeshManipulator
      484    _SceneManager_GetRootSceneNode
               exported name: SceneManager_GetRootSceneNode
      485    _SceneManager_GetSceneCollisionManager
               exported name: SceneManager_GetSceneCollisionManager
      486    _SceneManager_GetSceneNodeFromID
               exported name: SceneManager_GetSceneNodeFromID
      487    _SceneManager_GetSceneNodeFromName
               exported name: SceneManager_GetSceneNodeFromName
      488    _SceneManager_GetSceneNodeFromType
               exported name: SceneManager_GetSceneNodeFromType
      489    _SceneManager_GetSceneNodeRenderPass
               exported name: SceneManager_GetSceneNodeRenderPass
      490    _SceneManager_GetShadowColor
               exported name: SceneManager_GetShadowColor
      491    _SceneManager_GetVideoDriver
               exported name: SceneManager_GetVideoDriver
      492    _SceneManager_LoadScene
               exported name: SceneManager_LoadScene
      493    _SceneManager_PostEventFromUser
               exported name: SceneManager_PostEventFromUser
      494    _SceneManager_RegisterNodeForRendering
               exported name: SceneManager_RegisterNodeForRendering
      495    _SceneManager_SaveScene
               exported name: SceneManager_SaveScene
      496    _SceneManager_SetActiveCamera
               exported name: SceneManager_SetActiveCamera
      497    _SceneManager_SetShadowColor
               exported name: SceneManager_SetShadowColor
      498    _SceneNode_AddAnimator
               exported name: SceneNode_AddAnimator
      499    _SceneNode_AddChild
               exported name: SceneNode_AddChild
      500    _SceneNode_GetAbsolutePosition
               exported name: SceneNode_GetAbsolutePosition
      501    _SceneNode_GetAbsoluteTransformation
               exported name: SceneNode_GetAbsoluteTransformation
      502    _SceneNode_GetAutomaticCulling
               exported name: SceneNode_GetAutomaticCulling
      503    _SceneNode_GetBoundingBox
               exported name: SceneNode_GetBoundingBox
      504    _SceneNode_GetChildren
               exported name: SceneNode_GetChildren
      505    _SceneNode_GetChildrenCount
               exported name: SceneNode_GetChildrenCount
      506    _SceneNode_GetDebugDataVisible
               exported name: SceneNode_GetDebugDataVisible
      507    _SceneNode_GetID
               exported name: SceneNode_GetID
      508    _SceneNode_GetMaterial
               exported name: SceneNode_GetMaterial
      509    _SceneNode_GetMaterialCount
               exported name: SceneNode_GetMaterialCount
      510    _SceneNode_GetName
               exported name: SceneNode_GetName
      511    _SceneNode_GetParent
               exported name: SceneNode_GetParent
      512    _SceneNode_GetPosition
               exported name: SceneNode_GetPosition
      513    _SceneNode_GetRelativeTransformation
               exported name: SceneNode_GetRelativeTransformation
      514    _SceneNode_GetRotation
               exported name: SceneNode_GetRotation
      515    _SceneNode_GetScale
               exported name: SceneNode_GetScale
      516    _SceneNode_GetTransformedBoundingBox
               exported name: SceneNode_GetTransformedBoundingBox
      517    _SceneNode_GetTriangleSelector
               exported name: SceneNode_GetTriangleSelector
      518    _SceneNode_GetType
               exported name: SceneNode_GetType
      519    _SceneNode_IsDebugObject
               exported name: SceneNode_IsDebugObject
      520    _SceneNode_IsVisible
               exported name: SceneNode_IsVisible
      521    _SceneNode_OnAnimate
               exported name: SceneNode_OnAnimate
      522    _SceneNode_OnRegisterSceneNode
               exported name: SceneNode_OnRegisterSceneNode
      523    _SceneNode_Remove
               exported name: SceneNode_Remove
      524    _SceneNode_RemoveAll
               exported name: SceneNode_RemoveAll
      525    _SceneNode_RemoveAnimator
               exported name: SceneNode_RemoveAnimator
      526    _SceneNode_RemoveAnimators
               exported name: SceneNode_RemoveAnimators
      527    _SceneNode_RemoveChild
               exported name: SceneNode_RemoveChild
      528    _SceneNode_Render
               exported name: SceneNode_Render
      529    _SceneNode_SetAutomaticCulling
               exported name: SceneNode_SetAutomaticCulling
      530    _SceneNode_SetDebugDataVisible
               exported name: SceneNode_SetDebugDataVisible
      531    _SceneNode_SetID
               exported name: SceneNode_SetID
      532    _SceneNode_SetIsDebugObject
               exported name: SceneNode_SetIsDebugObject
      533    _SceneNode_SetMaterialFlag
               exported name: SceneNode_SetMaterialFlag
      534    _SceneNode_SetMaterialTexture
               exported name: SceneNode_SetMaterialTexture
      535    _SceneNode_SetMaterialType
               exported name: SceneNode_SetMaterialType
      536    _SceneNode_SetName
               exported name: SceneNode_SetName
      537    _SceneNode_SetParent
               exported name: SceneNode_SetParent
      538    _SceneNode_SetPosition
               exported name: SceneNode_SetPosition
      539    _SceneNode_SetRotation
               exported name: SceneNode_SetRotation
      540    _SceneNode_SetScale
               exported name: SceneNode_SetScale
      541    _SceneNode_SetTriangleSelector
               exported name: SceneNode_SetTriangleSelector
      542    _SceneNode_SetVisible
               exported name: SceneNode_SetVisible
      543    _SceneNode_UpdateAbsolutePosition
               exported name: SceneNode_UpdateAbsolutePosition
      544    _ShadowVolume_SetMeshToRenderFrom
               exported name: ShadowVolume_SetMeshToRenderFrom
      545    _SkinnedMesh_AnimateMesh
               exported name: SkinnedMesh_AnimateMesh
      546    _SkinnedMesh_ConvertMeshToTangents
               exported name: SkinnedMesh_ConvertMeshToTangents
      547    _TTFace_Create
               exported name: TTFace_Create
      548    _TTFace_Load
               exported name: TTFace_Load
      549    _TTFont_Attach
               exported name: TTFont_Attach
      550    _TTFont_Create
               exported name: TTFont_Create
      551    _TTFont_SetAntialias
               exported name: TTFont_SetAntialias
      552    _TTFont_SetTransparency
               exported name: TTFont_SetTransparency
      553    _TerrainSceneNode_GetBoundingBox
               exported name: TerrainSceneNode_GetBoundingBox
      554    _TerrainSceneNode_GetBoundingBoxA
               exported name: TerrainSceneNode_GetBoundingBoxA
      555    _TerrainSceneNode_GetHeight
               exported name: TerrainSceneNode_GetHeight
      556    _TerrainSceneNode_GetIndexCount
               exported name: TerrainSceneNode_GetIndexCount
      557    _TerrainSceneNode_GetMesh
               exported name: TerrainSceneNode_GetMesh
      558    _TerrainSceneNode_GetMeshBufferForLOD
               exported name: TerrainSceneNode_GetMeshBufferForLOD
      559    _TerrainSceneNode_GetTerrainCenter
               exported name: TerrainSceneNode_GetTerrainCenter
      560    _TerrainSceneNode_OverrideLODDistance
               exported name: TerrainSceneNode_OverrideLODDistance
      561    _TerrainSceneNode_ScaleTexture
               exported name: TerrainSceneNode_ScaleTexture
      562    _TerrainSceneNode_SetCameraMovementDelta
               exported name: TerrainSceneNode_SetCameraMovementDelta
      563    _TerrainSceneNode_SetCameraRotationDelta
               exported name: TerrainSceneNode_SetCameraRotationDelta
      564    _TerrainSceneNode_SetDynamicSelectorUpdate
               exported name: TerrainSceneNode_SetDynamicSelectorUpdate
      565    _TerrainSceneNode_SetLODOfPatch
               exported name: TerrainSceneNode_SetLODOfPatch
      566    _TextSceneNode_SetText
               exported name: TextSceneNode_SetText
      567    _TextSceneNode_SetTextColor
               exported name: TextSceneNode_SetTextColor
      568    _Texture_GetColorFormat
               exported name: Texture_GetColorFormat
      569    _Texture_GetDriverType
               exported name: Texture_GetDriverType
      570    _Texture_GetName
               exported name: Texture_GetName
      571    _Texture_GetOriginalSize
               exported name: Texture_GetOriginalSize
      572    _Texture_GetPitch
               exported name: Texture_GetPitch
      573    _Texture_Lock
               exported name: Texture_Lock
      574    _Texture_RegenerateMipMapLevels
               exported name: Texture_RegenerateMipMapLevels
      575    _Texture_UnLock
               exported name: Texture_UnLock
      576    _Timer_GetRealTime
               exported name: Timer_GetRealTime
      577    _Timer_GetSpeed
               exported name: Timer_GetSpeed
      578    _Timer_GetTime
               exported name: Timer_GetTime
      579    _Timer_IsStopped
               exported name: Timer_IsStopped
      580    _Timer_SetSpeed
               exported name: Timer_SetSpeed
      581    _Timer_SetTime
               exported name: Timer_SetTime
      582    _Timer_Start
               exported name: Timer_Start
      583    _Timer_Stop
               exported name: Timer_Stop
      584    _Timer_Tick
               exported name: Timer_Tick
      585    _VF_GetBoundingBox
               exported name: VF_GetBoundingBox
      586    _VF_GetFarLeftDown
               exported name: VF_GetFarLeftDown
      587    _VF_GetFarLeftUp
               exported name: VF_GetFarLeftUp
      588    _VF_GetFarRightDown
               exported name: VF_GetFarRightDown
      589    _VF_GetFarRightUp
               exported name: VF_GetFarRightUp
      590    _VF_RecalculateBoundingBox
               exported name: VF_RecalculateBoundingBox
      591    _VF_Transform
               exported name: VF_Transform
      592    _Vertices_CreateVertex
               exported name: Vertices_CreateVertex
      593    _Vertices_CreateVertex2TCoords
               exported name: Vertices_CreateVertex2TCoords
      594    _Vertices_CreateVertexTangents
               exported name: Vertices_CreateVertexTangents
      595    _Vertices_GetBinormal
               exported name: Vertices_GetBinormal
      596    _Vertices_GetColor
               exported name: Vertices_GetColor
      597    _Vertices_GetNormal
               exported name: Vertices_GetNormal
      598    _Vertices_GetPos
               exported name: Vertices_GetPos
      599    _Vertices_GetTCoords
               exported name: Vertices_GetTCoords
      600    _Vertices_GetTCoords2
               exported name: Vertices_GetTCoords2
      601    _Vertices_GetTangent
               exported name: Vertices_GetTangent
      602    _Vertices_GetType
               exported name: Vertices_GetType
      603    _Vertices_SetBinormal
               exported name: Vertices_SetBinormal
      604    _Vertices_SetColor
               exported name: Vertices_SetColor
      605    _Vertices_SetNormal
               exported name: Vertices_SetNormal
      606    _Vertices_SetPos
               exported name: Vertices_SetPos
      607    _Vertices_SetTCoords
               exported name: Vertices_SetTCoords
      608    _Vertices_SetTCoords2
               exported name: Vertices_SetTCoords2
      609    _Vertices_SetTangent
               exported name: Vertices_SetTangent
      610    _VideoDriver_AddTexture
               exported name: VideoDriver_AddTexture
      611    _VideoDriver_AddTextureFromImage
               exported name: VideoDriver_AddTextureFromImage
      612    _VideoDriver_BeginScene
               exported name: VideoDriver_BeginScene
      613    _VideoDriver_ClearZBuffer
               exported name: VideoDriver_ClearZBuffer
      614    _VideoDriver_CreateImageFromFile
               exported name: VideoDriver_CreateImageFromFile
      615    _VideoDriver_CreateRenderTargetTexture
               exported name: VideoDriver_CreateRenderTargetTexture
      616    _VideoDriver_CreateScreenshot
               exported name: VideoDriver_CreateScreenshot
      617    _VideoDriver_DeleteAllDynamicLights
               exported name: VideoDriver_DeleteAllDynamicLights
      618    _VideoDriver_Draw2DImage
               exported name: VideoDriver_Draw2DImage
      619    _VideoDriver_Draw2DImageA
               exported name: VideoDriver_Draw2DImageA
      620    _VideoDriver_Draw2DImageB
               exported name: VideoDriver_Draw2DImageB
      621    _VideoDriver_Draw2DImageC
               exported name: VideoDriver_Draw2DImageC
      622    _VideoDriver_Draw2DImageD
               exported name: VideoDriver_Draw2DImageD
      623    _VideoDriver_Draw2DLine
               exported name: VideoDriver_Draw2DLine
      624    _VideoDriver_Draw2DPolygon
               exported name: VideoDriver_Draw2DPolygon
      625    _VideoDriver_Draw2DRectangle
               exported name: VideoDriver_Draw2DRectangle
      626    _VideoDriver_Draw3DBox
               exported name: VideoDriver_Draw3DBox
      627    _VideoDriver_Draw3DLine
               exported name: VideoDriver_Draw3DLine
      628    _VideoDriver_Draw3DTriangle
               exported name: VideoDriver_Draw3DTriangle
      629    _VideoDriver_DrawIndexedTriangleFan
               exported name: VideoDriver_DrawIndexedTriangleFan
      630    _VideoDriver_DrawIndexedTriangleFanA
               exported name: VideoDriver_DrawIndexedTriangleFanA
      631    _VideoDriver_DrawIndexedTriangleFanT
               exported name: VideoDriver_DrawIndexedTriangleFanT
      632    _VideoDriver_DrawIndexedTriangleList
               exported name: VideoDriver_DrawIndexedTriangleList
      633    _VideoDriver_DrawIndexedTriangleListA
               exported name: VideoDriver_DrawIndexedTriangleListA
      634    _VideoDriver_DrawIndexedTriangleListT
               exported name: VideoDriver_DrawIndexedTriangleListT
      635    _VideoDriver_DrawMeshBuffer
               exported name: VideoDriver_DrawMeshBuffer
      636    _VideoDriver_DrawVertexPrimitiveList
               exported name: VideoDriver_DrawVertexPrimitiveList
      637    _VideoDriver_EndScene
               exported name: VideoDriver_EndScene
      638    _VideoDriver_EndSceneA
               exported name: VideoDriver_EndSceneA
      639    _VideoDriver_GetDriverType
               exported name: VideoDriver_GetDriverType
      640    _VideoDriver_GetFPS
               exported name: VideoDriver_GetFPS
      641    _VideoDriver_GetGPUProgrammingServices
               exported name: VideoDriver_GetGPUProgrammingServices
      642    _VideoDriver_GetPrimitiveCountDrawn
               exported name: VideoDriver_GetPrimitiveCountDrawn
      643    _VideoDriver_GetScreenSize
               exported name: VideoDriver_GetScreenSize
      644    _VideoDriver_GetTexture
               exported name: VideoDriver_GetTexture
      645    _VideoDriver_GetTextureByIndex
               exported name: VideoDriver_GetTextureByIndex
      646    _VideoDriver_GetTextureCount
               exported name: VideoDriver_GetTextureCount
      647    _VideoDriver_GetTextureCreationFlag
               exported name: VideoDriver_GetTextureCreationFlag
      648    _VideoDriver_GetTransform
               exported name: VideoDriver_GetTransform
      649    _VideoDriver_GetViewPort
               exported name: VideoDriver_GetViewPort
      650    _VideoDriver_MakeColorKeyTexture
               exported name: VideoDriver_MakeColorKeyTexture
      651    _VideoDriver_MakeColorKeyTextureA
               exported name: VideoDriver_MakeColorKeyTextureA
      652    _VideoDriver_MakeNormalMapTexture
               exported name: VideoDriver_MakeNormalMapTexture
      653    _VideoDriver_QueryFeature
               exported name: VideoDriver_QueryFeature
      654    _VideoDriver_RemoveAllTextures
               exported name: VideoDriver_RemoveAllTextures
      655    _VideoDriver_RemoveTexture
               exported name: VideoDriver_RemoveTexture
      656    _VideoDriver_SetAmbientLight
               exported name: VideoDriver_SetAmbientLight
      657    _VideoDriver_SetFog
               exported name: VideoDriver_SetFog
      658    _VideoDriver_SetMaterial
               exported name: VideoDriver_SetMaterial
      659    _VideoDriver_SetRenderTarget
               exported name: VideoDriver_SetRenderTarget
      660    _VideoDriver_SetTextureFlag
               exported name: VideoDriver_SetTextureFlag
      661    _VideoDriver_SetTransform
               exported name: VideoDriver_SetTransform
      662    _VideoDriver_SetViewPort
               exported name: VideoDriver_SetViewPort
      663    _VideoDriver_WriteImageToFile
               exported name: VideoDriver_WriteImageToFile
      664    _VideoModeList_GetDesktopDepth
               exported name: VideoModeList_GetDesktopDepth
      665    _VideoModeList_GetDesktopResolution
               exported name: VideoModeList_GetDesktopResolution
      666    _VideoModeList_GetVideoModeCount
               exported name: VideoModeList_GetVideoModeCount
      667    _VideoModeList_GetVideoModeDepth
               exported name: VideoModeList_GetVideoModeDepth
      668    _VideoModeList_GetVideoModeResolution
               exported name: VideoModeList_GetVideoModeResolution
      669    _freeUMMemory
               exported name: freeUMMemory
